Archive member included to satisfy reference by file (symbol)

/Applications/STM32CubeIDE.app/Contents/Eclipse/plugins/com.st.stm32cube.ide.mcu.externaltools.gnu-tools-for-stm32.9-2020-q2-update.macos64_2.0.0.202105311346/tools/bin/../lib/gcc/arm-none-eabi/9.3.1/../../../../arm-none-eabi/lib/thumb/v6-m/nofp/libm.a(lib_a-s_ceil.o)
                              build_modem_2_4/lr1_stack_mac_layer.o (ceil)
/Applications/STM32CubeIDE.app/Contents/Eclipse/plugins/com.st.stm32cube.ide.mcu.externaltools.gnu-tools-for-stm32.9-2020-q2-update.macos64_2.0.0.202105311346/tools/bin/../lib/gcc/arm-none-eabi/9.3.1/../../../../arm-none-eabi/lib/thumb/v6-m/nofp/libc_nano.a(lib_a-exit.o)
                              /Applications/STM32CubeIDE.app/Contents/Eclipse/plugins/com.st.stm32cube.ide.mcu.externaltools.gnu-tools-for-stm32.9-2020-q2-update.macos64_2.0.0.202105311346/tools/bin/../lib/gcc/arm-none-eabi/9.3.1/../../../../arm-none-eabi/lib/thumb/v6-m/nofp/crt0.o (exit)
/Applications/STM32CubeIDE.app/Contents/Eclipse/plugins/com.st.stm32cube.ide.mcu.externaltools.gnu-tools-for-stm32.9-2020-q2-update.macos64_2.0.0.202105311346/tools/bin/../lib/gcc/arm-none-eabi/9.3.1/../../../../arm-none-eabi/lib/thumb/v6-m/nofp/libc_nano.a(lib_a-impure.o)
                              /Applications/STM32CubeIDE.app/Contents/Eclipse/plugins/com.st.stm32cube.ide.mcu.externaltools.gnu-tools-for-stm32.9-2020-q2-update.macos64_2.0.0.202105311346/tools/bin/../lib/gcc/arm-none-eabi/9.3.1/../../../../arm-none-eabi/lib/thumb/v6-m/nofp/libc_nano.a(lib_a-exit.o) (_global_impure_ptr)
/Applications/STM32CubeIDE.app/Contents/Eclipse/plugins/com.st.stm32cube.ide.mcu.externaltools.gnu-tools-for-stm32.9-2020-q2-update.macos64_2.0.0.202105311346/tools/bin/../lib/gcc/arm-none-eabi/9.3.1/../../../../arm-none-eabi/lib/thumb/v6-m/nofp/libc_nano.a(lib_a-init.o)
                              /Applications/STM32CubeIDE.app/Contents/Eclipse/plugins/com.st.stm32cube.ide.mcu.externaltools.gnu-tools-for-stm32.9-2020-q2-update.macos64_2.0.0.202105311346/tools/bin/../lib/gcc/arm-none-eabi/9.3.1/../../../../arm-none-eabi/lib/thumb/v6-m/nofp/crt0.o (__libc_init_array)
/Applications/STM32CubeIDE.app/Contents/Eclipse/plugins/com.st.stm32cube.ide.mcu.externaltools.gnu-tools-for-stm32.9-2020-q2-update.macos64_2.0.0.202105311346/tools/bin/../lib/gcc/arm-none-eabi/9.3.1/../../../../arm-none-eabi/lib/thumb/v6-m/nofp/libc_nano.a(lib_a-memcmp.o)
                              build_modem_2_4/modem_context.o (memcmp)
/Applications/STM32CubeIDE.app/Contents/Eclipse/plugins/com.st.stm32cube.ide.mcu.externaltools.gnu-tools-for-stm32.9-2020-q2-update.macos64_2.0.0.202105311346/tools/bin/../lib/gcc/arm-none-eabi/9.3.1/../../../../arm-none-eabi/lib/thumb/v6-m/nofp/libc_nano.a(lib_a-memcpy-stub.o)
                              build_modem_2_4/main_exti.o (memcpy)
/Applications/STM32CubeIDE.app/Contents/Eclipse/plugins/com.st.stm32cube.ide.mcu.externaltools.gnu-tools-for-stm32.9-2020-q2-update.macos64_2.0.0.202105311346/tools/bin/../lib/gcc/arm-none-eabi/9.3.1/../../../../arm-none-eabi/lib/thumb/v6-m/nofp/libc_nano.a(lib_a-memmove.o)
                              build_modem_2_4/main_exti.o (memmove)
/Applications/STM32CubeIDE.app/Contents/Eclipse/plugins/com.st.stm32cube.ide.mcu.externaltools.gnu-tools-for-stm32.9-2020-q2-update.macos64_2.0.0.202105311346/tools/bin/../lib/gcc/arm-none-eabi/9.3.1/../../../../arm-none-eabi/lib/thumb/v6-m/nofp/libc_nano.a(lib_a-memset.o)
                              /Applications/STM32CubeIDE.app/Contents/Eclipse/plugins/com.st.stm32cube.ide.mcu.externaltools.gnu-tools-for-stm32.9-2020-q2-update.macos64_2.0.0.202105311346/tools/bin/../lib/gcc/arm-none-eabi/9.3.1/../../../../arm-none-eabi/lib/thumb/v6-m/nofp/crt0.o (memset)
/Applications/STM32CubeIDE.app/Contents/Eclipse/plugins/com.st.stm32cube.ide.mcu.externaltools.gnu-tools-for-stm32.9-2020-q2-update.macos64_2.0.0.202105311346/tools/bin/../lib/gcc/arm-none-eabi/9.3.1/../../../../arm-none-eabi/lib/thumb/v6-m/nofp/libc_nano.a(lib_a-strlen.o)
                              build_modem_2_4/smtc_bsp_mcu.o (strlen)
/Applications/STM32CubeIDE.app/Contents/Eclipse/plugins/com.st.stm32cube.ide.mcu.externaltools.gnu-tools-for-stm32.9-2020-q2-update.macos64_2.0.0.202105311346/tools/bin/../lib/gcc/arm-none-eabi/9.3.1/../../../../arm-none-eabi/lib/thumb/v6-m/nofp/libc_nano.a(lib_a-vsprintf.o)
                              build_modem_2_4/smtc_bsp_mcu.o (vsprintf)
/Applications/STM32CubeIDE.app/Contents/Eclipse/plugins/com.st.stm32cube.ide.mcu.externaltools.gnu-tools-for-stm32.9-2020-q2-update.macos64_2.0.0.202105311346/tools/bin/../lib/gcc/arm-none-eabi/9.3.1/../../../../arm-none-eabi/lib/thumb/v6-m/nofp/libc_nano.a(lib_a-nano-svfprintf.o)
[...]
Memory Configuration

Name             Origin             Length             Attributes
RAM              0x0000000020000000 0x0000000000005000 xrw
FLASH            0x0000000008000000 0x0000000000030000 xr
*default*        0x0000000000000000 0xffffffffffffffff

Linker script and memory map

LOAD /Applications/STM32CubeIDE.app/Contents/Eclipse/plugins/com.st.stm32cube.ide.mcu.externaltools.gnu-tools-for-stm32.9-2020-q2-update.macos64_2.0.0.202105311346/tools/bin/../lib/gcc/arm-none-eabi/9.3.1/thumb/v6-m/nofp/crti.o
LOAD /Applications/STM32CubeIDE.app/Contents/Eclipse/plugins/com.st.stm32cube.ide.mcu.externaltools.gnu-tools-for-stm32.9-2020-q2-update.macos64_2.0.0.202105311346/tools/bin/../lib/gcc/arm-none-eabi/9.3.1/thumb/v6-m/nofp/crtbegin.o
LOAD /Applications/STM32CubeIDE.app/Contents/Eclipse/plugins/com.st.stm32cube.ide.mcu.externaltools.gnu-tools-for-stm32.9-2020-q2-update.macos64_2.0.0.202105311346/tools/bin/../lib/gcc/arm-none-eabi/9.3.1/../../../../arm-none-eabi/lib/thumb/v6-m/nofp/crt0.o
LOAD build_modem_2_4/main.o
LOAD build_modem_2_4/main_exti.o
LOAD build_modem_2_4/main_alarm_file_upload.o
LOAD build_modem_2_4/git_version.o
LOAD build_modem_2_4/modem_api.o
LOAD build_modem_2_4/lorawan_api.o
LOAD build_modem_2_4/dm_downlink.o
LOAD build_modem_2_4/modem_context.o
LOAD build_modem_2_4/file_upload.o
LOAD build_modem_2_4/modem_utilities.o
LOAD build_modem_2_4/modem_supervisor.o
LOAD build_modem_2_4/test_mode.o
LOAD build_modem_2_4/lr1_stack_mac_layer.o
LOAD build_modem_2_4/lr1mac_core.o
LOAD build_modem_2_4/lr1mac_utilities.o
LOAD build_modem_2_4/smtc_real.o
LOAD build_modem_2_4/aes.o
LOAD build_modem_2_4/cmac.o
LOAD build_modem_2_4/crypto.o
LOAD build_modem_2_4/ral.o
LOAD build_modem_2_4/radio_planner.o
LOAD build_modem_2_4/stm32l0xx_hal_rng.o
LOAD build_modem_2_4/stm32l0xx_hal_i2c.o
LOAD build_modem_2_4/stm32l0xx_hal_i2c_ex.o
LOAD build_modem_2_4/stm32l0xx_hal_lptim.o
LOAD build_modem_2_4/stm32l0xx_hal_rtc.o
LOAD build_modem_2_4/stm32l0xx_hal_rtc_ex.o
LOAD build_modem_2_4/stm32l0xx_hal_spi.o
LOAD build_modem_2_4/stm32l0xx_hal_tim.o
LOAD build_modem_2_4/stm32l0xx_hal_tim_ex.o
LOAD build_modem_2_4/stm32l0xx_hal_uart.o
LOAD build_modem_2_4/stm32l0xx_hal_uart_ex.o
LOAD build_modem_2_4/stm32l0xx_hal_wwdg.o
LOAD build_modem_2_4/stm32l0xx_hal.o
LOAD build_modem_2_4/stm32l0xx_hal_rcc.o
LOAD build_modem_2_4/stm32l0xx_hal_rcc_ex.o
LOAD build_modem_2_4/stm32l0xx_hal_flash.o
LOAD build_modem_2_4/stm32l0xx_hal_flash_ex.o
LOAD build_modem_2_4/stm32l0xx_hal_flash_ramfunc.o
LOAD build_modem_2_4/stm32l0xx_hal_gpio.o
LOAD build_modem_2_4/stm32l0xx_hal_dma.o
LOAD build_modem_2_4/stm32l0xx_hal_pwr.o
LOAD build_modem_2_4/stm32l0xx_hal_pwr_ex.o
LOAD build_modem_2_4/stm32l0xx_hal_cortex.o
LOAD build_modem_2_4/stm32l0xx_hal_adc.o
LOAD build_modem_2_4/smtc_bsp_gpio.o
LOAD build_modem_2_4/smtc_bsp_nvm.o
LOAD build_modem_2_4/smtc_bsp_rng.o
LOAD build_modem_2_4/smtc_bsp_rtc.o
LOAD build_modem_2_4/smtc_bsp_adc.o
LOAD build_modem_2_4/smtc_bsp_spi.o
LOAD build_modem_2_4/smtc_bsp_tmr.o
LOAD build_modem_2_4/smtc_bsp_uart.o
LOAD build_modem_2_4/smtc_bsp_watchdog.o
LOAD build_modem_2_4/bsp_radio_planner.o
LOAD build_modem_2_4/ral_hal.o
LOAD build_modem_2_4/smtc_bsp_mcu.o
LOAD build_modem_2_4/system_stm32l0xx.o
LOAD build_modem_2_4/sx1280.o
LOAD build_modem_2_4/ral_sx1280.o
LOAD build_modem_2_4/sx1280_hal.o
LOAD build_modem_2_4/region_ww2g4.o
LOAD build_modem_2_4/startup_stm32l073xx.o
LOAD /Applications/STM32CubeIDE.app/Contents/Eclipse/plugins/com.st.stm32cube.ide.mcu.externaltools.gnu-tools-for-stm32.9-2020-q2-update.macos64_2.0.0.202105311346/tools/bin/../lib/gcc/arm-none-eabi/9.3.1/../../../../arm-none-eabi/lib/thumb/v6-m/nofp/libstdc++_nano.a
LOAD /Applications/STM32CubeIDE.app/Contents/Eclipse/plugins/com.st.stm32cube.ide.mcu.externaltools.gnu-tools-for-stm32.9-2020-q2-update.macos64_2.0.0.202105311346/tools/bin/../lib/gcc/arm-none-eabi/9.3.1/../../../../arm-none-eabi/lib/thumb/v6-m/nofp/libsupc++_nano.a
LOAD /Applications/STM32CubeIDE.app/Contents/Eclipse/plugins/com.st.stm32cube.ide.mcu.externaltools.gnu-tools-for-stm32.9-2020-q2-update.macos64_2.0.0.202105311346/tools/bin/../lib/gcc/arm-none-eabi/9.3.1/../../../../arm-none-eabi/lib/thumb/v6-m/nofp/libm.a
LOAD /Applications/STM32CubeIDE.app/Contents/Eclipse/plugins/com.st.stm32cube.ide.mcu.externaltools.gnu-tools-for-stm32.9-2020-q2-update.macos64_2.0.0.202105311346/tools/bin/../lib/gcc/arm-none-eabi/9.3.1/../../../../arm-none-eabi/lib/thumb/v6-m/nofp/libc_nano.a
LOAD /Applications/STM32CubeIDE.app/Contents/Eclipse/plugins/com.st.stm32cube.ide.mcu.externaltools.gnu-tools-for-stm32.9-2020-q2-update.macos64_2.0.0.202105311346/tools/bin/../lib/gcc/arm-none-eabi/9.3.1/../../../../arm-none-eabi/lib/thumb/v6-m/nofp/libnosys.a
START GROUP
LOAD /Applications/STM32CubeIDE.app/Contents/Eclipse/plugins/com.st.stm32cube.ide.mcu.externaltools.gnu-tools-for-stm32.9-2020-q2-update.macos64_2.0.0.202105311346/tools/bin/../lib/gcc/arm-none-eabi/9.3.1/thumb/v6-m/nofp/libgcc.a
LOAD /Applications/STM32CubeIDE.app/Contents/Eclipse/plugins/com.st.stm32cube.ide.mcu.externaltools.gnu-tools-for-stm32.9-2020-q2-update.macos64_2.0.0.202105311346/tools/bin/../lib/gcc/arm-none-eabi/9.3.1/../../../../arm-none-eabi/lib/thumb/v6-m/nofp/libc_nano.a
END GROUP
START GROUP
LOAD /Applications/STM32CubeIDE.app/Contents/Eclipse/plugins/com.st.stm32cube.ide.mcu.externaltools.gnu-tools-for-stm32.9-2020-q2-update.macos64_2.0.0.202105311346/tools/bin/../lib/gcc/arm-none-eabi/9.3.1/thumb/v6-m/nofp/libgcc.a
LOAD /Applications/STM32CubeIDE.app/Contents/Eclipse/plugins/com.st.stm32cube.ide.mcu.externaltools.gnu-tools-for-stm32.9-2020-q2-update.macos64_2.0.0.202105311346/tools/bin/../lib/gcc/arm-none-eabi/9.3.1/../../../../arm-none-eabi/lib/thumb/v6-m/nofp/libc_nano.a
LOAD /Applications/STM32CubeIDE.app/Contents/Eclipse/plugins/com.st.stm32cube.ide.mcu.externaltools.gnu-tools-for-stm32.9-2020-q2-update.macos64_2.0.0.202105311346/tools/bin/../lib/gcc/arm-none-eabi/9.3.1/../../../../arm-none-eabi/lib/thumb/v6-m/nofp/libnosys.a
END GROUP
START GROUP
LOAD /Applications/STM32CubeIDE.app/Contents/Eclipse/plugins/com.st.stm32cube.ide.mcu.externaltools.gnu-tools-for-stm32.9-2020-q2-update.macos64_2.0.0.202105311346/tools/bin/../lib/gcc/arm-none-eabi/9.3.1/thumb/v6-m/nofp/libgcc.a
LOAD /Applications/STM32CubeIDE.app/Contents/Eclipse/plugins/com.st.stm32cube.ide.mcu.externaltools.gnu-tools-for-stm32.9-2020-q2-update.macos64_2.0.0.202105311346/tools/bin/../lib/gcc/arm-none-eabi/9.3.1/../../../../arm-none-eabi/lib/thumb/v6-m/nofp/libc_nano.a
LOAD /Applications/STM32CubeIDE.app/Contents/Eclipse/plugins/com.st.stm32cube.ide.mcu.externaltools.gnu-tools-for-stm32.9-2020-q2-update.macos64_2.0.0.202105311346/tools/bin/../lib/gcc/arm-none-eabi/9.3.1/../../../../arm-none-eabi/lib/thumb/v6-m/nofp/libnosys.a
END GROUP
LOAD /Applications/STM32CubeIDE.app/Contents/Eclipse/plugins/com.st.stm32cube.ide.mcu.externaltools.gnu-tools-for-stm32.9-2020-q2-update.macos64_2.0.0.202105311346/tools/bin/../lib/gcc/arm-none-eabi/9.3.1/thumb/v6-m/nofp/crtend.o
LOAD /Applications/STM32CubeIDE.app/Contents/Eclipse/plugins/com.st.stm32cube.ide.mcu.externaltools.gnu-tools-for-stm32.9-2020-q2-update.macos64_2.0.0.202105311346/tools/bin/../lib/gcc/arm-none-eabi/9.3.1/thumb/v6-m/nofp/crtn.o
                0x0000000020005000                _estack = 0x20005000
                0x0000000000000200                _Min_Heap_Size = 0x200
                0x0000000000000400                _Min_Stack_Size = 0x400

.isr_vector     0x0000000008000000       0xc0
                0x0000000008000000                . = ALIGN (0x4)
 *(.isr_vector)
 .isr_vector    0x0000000008000000       0xc0 build_modem_2_4/startup_stm32l073xx.o
                0x0000000008000000                g_pfnVectors
                0x00000000080000c0                . = ALIGN (0x4)

.text           0x00000000080000c0     0xed84
                0x00000000080000c0                . = ALIGN (0x4)
 *(.text)
 .text          0x00000000080000c0       0x48 /Applications/STM32CubeIDE.app/Contents/Eclipse/plugins/com.st.stm32cube.ide.mcu.externaltools.gnu-tools-for-stm32.9-2020-q2-update.macos64_2.0.0.202105311346/tools/bin/../lib/gcc/arm-none-eabi/9.3.1/thumb/v6-m/nofp/crtbegin.o
 .text          0x0000000008000108        0xe /Applications/STM32CubeIDE.app/Contents/Eclipse/plugins/com.st.stm32cube.ide.mcu.externaltools.gnu-tools-for-stm32.9-2020-q2-update.macos64_2.0.0.202105311346/tools/bin/../lib/gcc/arm-none-eabi/9.3.1/../../../../arm-none-eabi/lib/thumb/v6-m/nofp/libc_nano.a(lib_a-strlen.o)
                0x0000000008000108                strlen
 *fill*         0x0000000008000116        0x2 
 .text          0x0000000008000118       0x14 /Applications/STM32CubeIDE.app/Contents/Eclipse/plugins/com.st.stm32cube.ide.mcu.externaltools.gnu-tools-for-stm32.9-2020-q2-update.macos64_2.0.0.202105311346/tools/bin/../lib/gcc/arm-none-eabi/9.3.1/thumb/v6-m/nofp/libgcc.a(_thumb1_case_uqi.o)
                0x0000000008000118                __gnu_thumb1_case_uqi
 .text          0x000000000800012c       0x14 /Applications/STM32CubeIDE.app/Contents/Eclipse/plugins/com.st.stm32cube.ide.mcu.externaltools.gnu-tools-for-stm32.9-2020-q2-update.macos64_2.0.0.202105311346/tools/bin/../lib/gcc/arm-none-eabi/9.3.1/thumb/v6-m/nofp/libgcc.a(_thumb1_case_shi.o)
                0x000000000800012c                __gnu_thumb1_case_shi
 .text          0x0000000008000140       0x14 /Applications/STM32CubeIDE.app/Contents/Eclipse/plugins/com.st.stm32cube.ide.mcu.externaltools.gnu-tools-for-stm32.9-2020-q2-update.macos64_2.0.0.202105311346/tools/bin/../lib/gcc/arm-none-eabi/9.3.1/thumb/v6-m/nofp/libgcc.a(_thumb1_case_uhi.o)
                0x0000000008000140                __gnu_thumb1_case_uhi
 .text          0x0000000008000154      0x114 /Applications/STM32CubeIDE.app/Contents/Eclipse/plugins/com.st.stm32cube.ide.mcu.externaltools.gnu-tools-for-stm32.9-2020-q2-update.macos64_2.0.0.202105311346/tools/bin/../lib/gcc/arm-none-eabi/9.3.1/thumb/v6-m/nofp/libgcc.a(_udivsi3.o)
                0x0000000008000154                __udivsi3
                0x0000000008000154                __aeabi_uidiv
                0x0000000008000260                __aeabi_uidivmod
 .text          0x0000000008000268      0x1d4 /Applications/STM32CubeIDE.app/Contents/Eclipse/plugins/com.st.stm32cube.ide.mcu.externaltools.gnu-tools-for-stm32.9-2020-q2-update.macos64_2.0.0.202105311346/tools/bin/../lib/gcc/arm-none-eabi/9.3.1/thumb/v6-m/nofp/libgcc.a(_divsi3.o)
                0x0000000008000268                __aeabi_idiv
                0x0000000008000268                __divsi3
                0x0000000008000434                __aeabi_idivmod
 .text          0x000000000800043c        0x4 /Applications/STM32CubeIDE.app/Contents/Eclipse/plugins/com.st.stm32cube.ide.mcu.externaltools.gnu-tools-for-stm32.9-2020-q2-update.macos64_2.0.0.202105311346/tools/bin/../lib/gcc/arm-none-eabi/9.3.1/thumb/v6-m/nofp/libgcc.a(_dvmd_tls.o)
                0x000000000800043c                __aeabi_ldiv0
                0x000000000800043c                __aeabi_idiv0
 .text          0x0000000008000440       0x7c /Applications/STM32CubeIDE.app/Contents/Eclipse/plugins/com.st.stm32cube.ide.mcu.externaltools.gnu-tools-for-stm32.9-2020-q2-update.macos64_2.0.0.202105311346/tools/bin/../lib/gcc/arm-none-eabi/9.3.1/thumb/v6-m/nofp/libgcc.a(_arm_cmpdf2.o)
                0x0000000008000440                __aeabi_cdrcmple
                0x0000000008000450                __aeabi_cdcmple
                0x0000000008000450                __aeabi_cdcmpeq
                0x0000000008000460                __aeabi_dcmpeq
                0x000000000800046c                __aeabi_dcmplt
                0x0000000008000480                __aeabi_dcmple
                0x0000000008000494                __aeabi_dcmpgt
                0x00000000080004a8                __aeabi_dcmpge
 .text          0x00000000080004bc       0x40 /Applications/STM32CubeIDE.app/Contents/Eclipse/plugins/com.st.stm32cube.ide.mcu.externaltools.gnu-tools-for-stm32.9-2020-q2-update.macos64_2.0.0.202105311346/tools/bin/../lib/gcc/arm-none-eabi/9.3.1/thumb/v6-m/nofp/libgcc.a(_aeabi_uldivmod.o)
                0x00000000080004bc                __aeabi_uldivmod
 .text          0x00000000080004fc       0x30 /Applications/STM32CubeIDE.app/Contents/Eclipse/plugins/com.st.stm32cube.ide.mcu.externaltools.gnu-tools-for-stm32.9-2020-q2-update.macos64_2.0.0.202105311346/tools/bin/../lib/gcc/arm-none-eabi/9.3.1/thumb/v6-m/nofp/libgcc.a(_fixunssfsi.o)
                0x00000000080004fc                __aeabi_f2uiz
                0x00000000080004fc                __fixunssfsi
 .text          0x000000000800052c       0x3c /Applications/STM32CubeIDE.app/Contents/Eclipse/plugins/com.st.stm32cube.ide.mcu.externaltools.gnu-tools-for-stm32.9-2020-q2-update.macos64_2.0.0.202105311346/tools/bin/../lib/gcc/arm-none-eabi/9.3.1/thumb/v6-m/nofp/libgcc.a(_fixunsdfsi.o)
                0x000000000800052c                __fixunsdfsi
                0x000000000800052c                __aeabi_d2uiz
 .text          0x0000000008000568      0x198 /Applications/STM32CubeIDE.app/Contents/Eclipse/plugins/com.st.stm32cube.ide.mcu.externaltools.gnu-tools-for-stm32.9-2020-q2-update.macos64_2.0.0.202105311346/tools/bin/../lib/gcc/arm-none-eabi/9.3.1/thumb/v6-m/nofp/libgcc.a(_udivmoddi4.o)
                0x0000000008000568                __udivmoddi4
 .text          0x0000000008000700      0x234 /Applications/STM32CubeIDE.app/Contents/Eclipse/plugins/com.st.stm32cube.ide.mcu.externaltools.gnu-tools-for-stm32.9-2020-q2-update.macos64_2.0.0.202105311346/tools/bin/../lib/gcc/arm-none-eabi/9.3.1/thumb/v6-m/nofp/libgcc.a(mulsf3.o)
                0x0000000008000700                __aeabi_fmul
 .text          0x0000000008000934      0x390 /Applications/STM32CubeIDE.app/Contents/Eclipse/plugins/com.st.stm32cube.ide.mcu.externaltools.gnu-tools-for-stm32.9-2020-q2-update.macos64_2.0.0.202105311346/tools/bin/../lib/gcc/arm-none-eabi/9.3.1/thumb/v6-m/nofp/libgcc.a(subsf3.o)
                0x0000000008000934                __aeabi_fsub
 .text          0x0000000008000cc4       0x40 /Applications/STM32CubeIDE.app/Contents/Eclipse/plugins/com.st.stm32cube.ide.mcu.externaltools.gnu-tools-for-stm32.9-2020-q2-update.macos64_2.0.0.202105311346/tools/bin/../lib/gcc/arm-none-eabi/9.3.1/thumb/v6-m/nofp/libgcc.a(fixsfsi.o)
                0x0000000008000cc4                __aeabi_f2iz
 .text          0x0000000008000d04       0x78 /Applications/STM32CubeIDE.app/Contents/Eclipse/plugins/com.st.stm32cube.ide.mcu.externaltools.gnu-tools-for-stm32.9-2020-q2-update.macos64_2.0.0.202105311346/tools/bin/../lib/gcc/arm-none-eabi/9.3.1/thumb/v6-m/nofp/libgcc.a(floatunsisf.o)
                0x0000000008000d04                __aeabi_ui2f
 .text          0x0000000008000d7c      0x6d4 /Applications/STM32CubeIDE.app/Contents/Eclipse/plugins/com.st.stm32cube.ide.mcu.externaltools.gnu-tools-for-stm32.9-2020-q2-update.macos64_2.0.0.202105311346/tools/bin/../lib/gcc/arm-none-eabi/9.3.1/thumb/v6-m/nofp/libgcc.a(adddf3.o)
                0x0000000008000d7c                __aeabi_dadd
 .text          0x0000000008001450      0x5d0 /Applications/STM32CubeIDE.app/Contents/Eclipse/plugins/com.st.stm32cube.ide.mcu.externaltools.gnu-tools-for-stm32.9-2020-q2-update.macos64_2.0.0.202105311346/tools/bin/../lib/gcc/arm-none-eabi/9.3.1/thumb/v6-m/nofp/libgcc.a(divdf3.o)
                0x0000000008001450                __aeabi_ddiv
 .text          0x0000000008001a20       0x78 /Applications/STM32CubeIDE.app/Contents/Eclipse/plugins/com.st.stm32cube.ide.mcu.externaltools.gnu-tools-for-stm32.9-2020-q2-update.macos64_2.0.0.202105311346/tools/bin/../lib/gcc/arm-none-eabi/9.3.1/thumb/v6-m/nofp/libgcc.a(eqdf2.o)
                0x0000000008001a20                __eqdf2
                0x0000000008001a20                __nedf2
 .text          0x0000000008001a98       0xe4 /Applications/STM32CubeIDE.app/Contents/Eclipse/plugins/com.st.stm32cube.ide.mcu.externaltools.gnu-tools-for-stm32.9-2020-q2-update.macos64_2.0.0.202105311346/tools/bin/../lib/gcc/arm-none-eabi/9.3.1/thumb/v6-m/nofp/libgcc.a(gedf2.o)
                0x0000000008001a98                __gtdf2
                0x0000000008001a98                __gedf2
 .text          0x0000000008001b7c       0xe0 /Applications/STM32CubeIDE.app/Contents/Eclipse/plugins/com.st.stm32cube.ide.mcu.externaltools.gnu-tools-for-stm32.9-2020-q2-update.macos64_2.0.0.202105311346/tools/bin/../lib/gcc/arm-none-eabi/9.3.1/thumb/v6-m/nofp/libgcc.a(ledf2.o)
                0x0000000008001b7c                __ltdf2
                0x0000000008001b7c                __ledf2
 .text          0x0000000008001c5c      0x4d8 /Applications/STM32CubeIDE.app/Contents/Eclipse/plugins/com.st.stm32cube.ide.mcu.externaltools.gnu-tools-for-stm32.9-2020-q2-update.macos64_2.0.0.202105311346/tools/bin/../lib/gcc/arm-none-eabi/9.3.1/thumb/v6-m/nofp/libgcc.a(muldf3.o)
                0x0000000008001c5c                __aeabi_dmul
 .text          0x0000000008002134      0x724 /Applications/STM32CubeIDE.app/Contents/Eclipse/plugins/com.st.stm32cube.ide.mcu.externaltools.gnu-tools-for-stm32.9-2020-q2-update.macos64_2.0.0.202105311346/tools/bin/../lib/gcc/arm-none-eabi/9.3.1/thumb/v6-m/nofp/libgcc.a(subdf3.o)
                0x0000000008002134                __aeabi_dsub
 .text          0x0000000008002858       0x6c /Applications/STM32CubeIDE.app/Contents/Eclipse/plugins/com.st.stm32cube.ide.mcu.externaltools.gnu-tools-for-stm32.9-2020-q2-update.macos64_2.0.0.202105311346/tools/bin/../lib/gcc/arm-none-eabi/9.3.1/thumb/v6-m/nofp/libgcc.a(fixdfsi.o)
                0x0000000008002858                __aeabi_d2iz
 .text          0x00000000080028c4       0x60 /Applications/STM32CubeIDE.app/Contents/Eclipse/plugins/com.st.stm32cube.ide.mcu.externaltools.gnu-tools-for-stm32.9-2020-q2-update.macos64_2.0.0.202105311346/tools/bin/../lib/gcc/arm-none-eabi/9.3.1/thumb/v6-m/nofp/libgcc.a(floatsidf.o)
                0x00000000080028c4                __aeabi_i2d
 .text          0x0000000008002924       0x4c /Applications/STM32CubeIDE.app/Contents/Eclipse/plugins/com.st.stm32cube.ide.mcu.externaltools.gnu-tools-for-stm32.9-2020-q2-update.macos64_2.0.0.202105311346/tools/bin/../lib/gcc/arm-none-eabi/9.3.1/thumb/v6-m/nofp/libgcc.a(floatunsidf.o)
                0x0000000008002924                __aeabi_ui2d
 .text          0x0000000008002970       0x74 /Applications/STM32CubeIDE.app/Contents/Eclipse/plugins/com.st.stm32cube.ide.mcu.externaltools.gnu-tools-for-stm32.9-2020-q2-update.macos64_2.0.0.202105311346/tools/bin/../lib/gcc/arm-none-eabi/9.3.1/thumb/v6-m/nofp/libgcc.a(_arm_cmpsf2.o)
                0x0000000008002970                __aeabi_cfrcmple
                0x0000000008002978                __aeabi_cfcmple
                0x0000000008002978                __aeabi_cfcmpeq
                0x0000000008002988                __aeabi_fcmpeq
                0x0000000008002994                __aeabi_fcmplt
                0x00000000080029a8                __aeabi_fcmple
                0x00000000080029bc                __aeabi_fcmpgt
                0x00000000080029d0                __aeabi_fcmpge
 .text          0x00000000080029e4       0x3c /Applications/STM32CubeIDE.app/Contents/Eclipse/plugins/com.st.stm32cube.ide.mcu.externaltools.gnu-tools-for-stm32.9-2020-q2-update.macos64_2.0.0.202105311346/tools/bin/../lib/gcc/arm-none-eabi/9.3.1/thumb/v6-m/nofp/libgcc.a(_clzsi2.o)
                0x00000000080029e4                __clzsi2
 .text          0x0000000008002a20       0x18 /Applications/STM32CubeIDE.app/Contents/Eclipse/plugins/com.st.stm32cube.ide.mcu.externaltools.gnu-tools-for-stm32.9-2020-q2-update.macos64_2.0.0.202105311346/tools/bin/../lib/gcc/arm-none-eabi/9.3.1/thumb/v6-m/nofp/libgcc.a(_clzdi2.o)
                0x0000000008002a20                __clzdi2
 .text          0x0000000008002a38       0x50 /Applications/STM32CubeIDE.app/Contents/Eclipse/plugins/com.st.stm32cube.ide.mcu.externaltools.gnu-tools-for-stm32.9-2020-q2-update.macos64_2.0.0.202105311346/tools/bin/../lib/gcc/arm-none-eabi/9.3.1/thumb/v6-m/nofp/libgcc.a(eqsf2.o)
                0x0000000008002a38                __nesf2
                0x0000000008002a38                __eqsf2
 .text          0x0000000008002a88       0x98 /Applications/STM32CubeIDE.app/Contents/Eclipse/plugins/com.st.stm32cube.ide.mcu.externaltools.gnu-tools-for-stm32.9-2020-q2-update.macos64_2.0.0.202105311346/tools/bin/../lib/gcc/arm-none-eabi/9.3.1/thumb/v6-m/nofp/libgcc.a(gesf2.o)
                0x0000000008002a88                __gtsf2
                0x0000000008002a88                __gesf2
 .text          0x0000000008002b20       0x94 /Applications/STM32CubeIDE.app/Contents/Eclipse/plugins/com.st.stm32cube.ide.mcu.externaltools.gnu-tools-for-stm32.9-2020-q2-update.macos64_2.0.0.202105311346/tools/bin/../lib/gcc/arm-none-eabi/9.3.1/thumb/v6-m/nofp/libgcc.a(lesf2.o)
                0x0000000008002b20                __lesf2
                0x0000000008002b20                __ltsf2
 *(.text*)
 .text.startup.main
                0x0000000008002bb4       0x36 build_modem_2_4/main.o
                0x0000000008002bb4                main
 *fill*         0x0000000008002bea        0x2 
 .text.HardFault_Handler
                0x0000000008002bec       0x2c build_modem_2_4/main.o
                0x0000000008002bec                HardFault_Handler
 .text.get_event
                0x0000000008002c18      0x174 build_modem_2_4/main_exti.o
 .text.user_button_callback
                0x0000000008002d8c       0x30 build_modem_2_4/main_exti.o
 .text.main_exti
                0x0000000008002dbc       0xb0 build_modem_2_4/main_exti.o
                0x0000000008002dbc                main_exti
 .text.modem_send_tx
                0x0000000008002e6c      0x134 build_modem_2_4/modem_api.o
                0x0000000008002e6c                modem_send_tx
 .text.modem_init
                0x0000000008002fa0       0x38 build_modem_2_4/modem_api.o
                0x0000000008002fa0                modem_init
 .text.modem_run_engine
                0x0000000008002fd8        0x8 build_modem_2_4/modem_api.o
                0x0000000008002fd8                modem_run_engine
 .text.modem_get_event
                0x0000000008002fe0      0x110 build_modem_2_4/modem_api.o
                0x0000000008002fe0                modem_get_event
 .text.modem_set_joineui
                0x00000000080030f0       0x48 build_modem_2_4/modem_api.o
                0x00000000080030f0                modem_set_joineui
 .text.modem_set_deveui
                0x0000000008003138       0x48 build_modem_2_4/modem_api.o
                0x0000000008003138                modem_set_deveui
 .text.modem_set_nwkkey
                0x0000000008003180       0x48 build_modem_2_4/modem_api.o
                0x0000000008003180                modem_set_nwkkey
 .text.modem_join
                0x00000000080031c8       0xbc build_modem_2_4/modem_api.o
                0x00000000080031c8                modem_join
 .text.modem_request_tx
                0x0000000008003284        0xc build_modem_2_4/modem_api.o
                0x0000000008003284                modem_request_tx
 .text.modem_upload_avgdelay_get
                0x0000000008003290        0xc build_modem_2_4/modem_api.o
                0x0000000008003290                modem_upload_avgdelay_get
 .text.modem_get_radio_planner
                0x000000000800329c        0x8 build_modem_2_4/modem_api.o
                0x000000000800329c                modem_get_radio_planner
 .text.lorawan_api_init
                0x00000000080032a4       0x14 build_modem_2_4/lorawan_api.o
                0x00000000080032a4                lorawan_api_init
 .text.lorawan_api_get_region
                0x00000000080032b8        0x8 build_modem_2_4/lorawan_api.o
                0x00000000080032b8                lorawan_api_get_region
 .text.lorawan_api_set_region
                0x00000000080032c0        0x8 build_modem_2_4/lorawan_api.o
                0x00000000080032c0                lorawan_api_set_region
 .text.lorawan_api_payload_send
                0x00000000080032c8        0xc build_modem_2_4/lorawan_api.o
                0x00000000080032c8                lorawan_api_payload_send
 .text.lorawan_api_payload_receive
                0x00000000080032d4        0x8 build_modem_2_4/lorawan_api.o
                0x00000000080032d4                lorawan_api_payload_receive
 .text.lorawan_api_join
                0x00000000080032dc        0x8 build_modem_2_4/lorawan_api.o
                0x00000000080032dc                lorawan_api_join
 .text.lorawan_api_isjoined
                0x00000000080032e4        0x8 build_modem_2_4/lorawan_api.o
                0x00000000080032e4                lorawan_api_isjoined
 .text.lorawan_api_join_status_clear
                0x00000000080032ec        0x8 build_modem_2_4/lorawan_api.o
                0x00000000080032ec                lorawan_api_join_status_clear
 .text.lorawan_api_dr_strategy_set
                0x00000000080032f4        0x8 build_modem_2_4/lorawan_api.o
                0x00000000080032f4                lorawan_api_dr_strategy_set
 .text.lorawan_api_dr_strategy_get
                0x00000000080032fc        0x8 build_modem_2_4/lorawan_api.o
                0x00000000080032fc                lorawan_api_dr_strategy_get
 .text.lorawan_api_process
                0x0000000008003304        0x8 build_modem_2_4/lorawan_api.o
                0x0000000008003304                lorawan_api_process
 .text.lorawan_api_context_save
                0x000000000800330c        0x8 build_modem_2_4/lorawan_api.o
                0x000000000800330c                lorawan_api_context_save
 .text.lorawan_api_last_snr_get
                0x0000000008003314        0x8 build_modem_2_4/lorawan_api.o
                0x0000000008003314                lorawan_api_last_snr_get
 .text.lorawan_api_last_rssi_get
                0x000000000800331c        0x8 build_modem_2_4/lorawan_api.o
                0x000000000800331c                lorawan_api_last_rssi_get
 .text.lorawan_api_is_ota_device
                0x0000000008003324        0x8 build_modem_2_4/lorawan_api.o
                0x0000000008003324                lorawan_api_is_ota_device
 .text.lorawan_api_next_max_payload_length_get
                0x000000000800332c        0x8 build_modem_2_4/lorawan_api.o
                0x000000000800332c                lorawan_api_next_max_payload_length_get
 .text.lorawan_api_deveui_get
                0x0000000008003334        0x8 build_modem_2_4/lorawan_api.o
                0x0000000008003334                lorawan_api_deveui_get
 .text.lorawan_api_deveui_set
                0x000000000800333c        0x8 build_modem_2_4/lorawan_api.o
                0x000000000800333c                lorawan_api_deveui_set
 .text.lorawan_api_app_key_set
                0x0000000008003344        0x8 build_modem_2_4/lorawan_api.o
                0x0000000008003344                lorawan_api_app_key_set
 .text.lorawan_api_appeui_key_get
                0x000000000800334c        0x8 build_modem_2_4/lorawan_api.o
                0x000000000800334c                lorawan_api_appeui_key_get
 .text.lorawan_api_appeui_key_set
                0x0000000008003354        0x8 build_modem_2_4/lorawan_api.o
                0x0000000008003354                lorawan_api_appeui_key_set
 .text.lorawan_api_state_get
                0x000000000800335c        0x8 build_modem_2_4/lorawan_api.o
                0x000000000800335c                lorawan_api_state_get
 .text.lorawan_api_nb_reset_get
                0x0000000008003364        0x8 build_modem_2_4/lorawan_api.o
                0x0000000008003364                lorawan_api_nb_reset_get
 .text.lorawan_api_devnonce_get
                0x000000000800336c        0x8 build_modem_2_4/lorawan_api.o
                0x000000000800336c                lorawan_api_devnonce_get
 .text.lorawan_api_next_join_time_second_get
                0x0000000008003374        0x8 build_modem_2_4/lorawan_api.o
                0x0000000008003374                lorawan_api_next_join_time_second_get
 .text.lorawan_api_next_free_duty_cycle_ms_get
                0x000000000800337c        0x8 build_modem_2_4/lorawan_api.o
                0x000000000800337c                lorawan_api_next_free_duty_cycle_ms_get
 .text.lorawan_api_duty_cycle_enable_set
                0x0000000008003384        0x8 build_modem_2_4/lorawan_api.o
                0x0000000008003384                lorawan_api_duty_cycle_enable_set
 .text.lorawan_api_fcnt_up_get
                0x000000000800338c        0x8 build_modem_2_4/lorawan_api.o
                0x000000000800338c                lorawan_api_fcnt_up_get
 .text.lorawan_api_rx_ack_bit_get
                0x0000000008003394        0x8 build_modem_2_4/lorawan_api.o
                0x0000000008003394                lorawan_api_rx_ack_bit_get
 .text.lorawan_api_certification_is_enabled
                0x000000000800339c        0xc build_modem_2_4/lorawan_api.o
                0x000000000800339c                lorawan_api_certification_is_enabled
 .text.dm_parse_cmd
                0x00000000080033a8      0x258 build_modem_2_4/dm_downlink.o
                0x00000000080033a8                dm_parse_cmd
 .text.dm_downlink
                0x0000000008003600       0x68 build_modem_2_4/dm_downlink.o
                0x0000000008003600                dm_downlink
 .text.modem_event_init
                0x0000000008003668       0x1c build_modem_2_4/modem_context.o
                0x0000000008003668                modem_event_init
 .text.get_modem_event_count
                0x0000000008003684       0x18 build_modem_2_4/modem_context.o
                0x0000000008003684                get_modem_event_count
 .text.set_modem_event_count
                0x000000000800369c       0x10 build_modem_2_4/modem_context.o
                0x000000000800369c                set_modem_event_count
 .text.increment_modem_event_count
                0x00000000080036ac       0x18 build_modem_2_4/modem_context.o
                0x00000000080036ac                increment_modem_event_count
 .text.get_modem_event_status
                0x00000000080036c4       0x18 build_modem_2_4/modem_context.o
                0x00000000080036c4                get_modem_event_status
 .text.decrement_asynchronous_msgnumber
                0x00000000080036dc       0x14 build_modem_2_4/modem_context.o
                0x00000000080036dc                decrement_asynchronous_msgnumber
 .text.get_asynchronous_msgnumber
                0x00000000080036f0        0xc build_modem_2_4/modem_context.o
                0x00000000080036f0                get_asynchronous_msgnumber
 .text.increment_asynchronous_msgnumber
                0x00000000080036fc      0x13c build_modem_2_4/modem_context.o
                0x00000000080036fc                increment_asynchronous_msgnumber
 .text.get_last_msg_event
                0x0000000008003838       0x14 build_modem_2_4/modem_context.o
                0x0000000008003838                get_last_msg_event
 .text.get_modem_uptime_s
                0x000000000800384c       0x14 build_modem_2_4/modem_context.o
                0x000000000800384c                get_modem_uptime_s
 .text.set_modem_start_time_s
                0x0000000008003860       0x1c build_modem_2_4/modem_context.o
                0x0000000008003860                set_modem_start_time_s
 .text.get_modem_dm_interval_second
                0x000000000800387c       0x30 build_modem_2_4/modem_context.o
                0x000000000800387c                get_modem_dm_interval_second
 .text.get_modem_dm_port
                0x00000000080038ac        0xc build_modem_2_4/modem_context.o
                0x00000000080038ac                get_modem_dm_port
 .text.get_modem_adr
                0x00000000080038b8       0x3c build_modem_2_4/modem_context.o
                0x00000000080038b8                get_modem_adr
 .text.set_modem_region
                0x00000000080038f4        0xe build_modem_2_4/modem_context.o
                0x00000000080038f4                set_modem_region
 *fill*         0x0000000008003902        0x2 
 .text.get_modem_appstatus
                0x0000000008003904       0x10 build_modem_2_4/modem_context.o
                0x0000000008003904                get_modem_appstatus
 .text.modem_supervisor_add_task_dm_status_now
                0x0000000008003914       0x2e build_modem_2_4/modem_context.o
                0x0000000008003914                modem_supervisor_add_task_dm_status_now
 *fill*         0x0000000008003942        0x2 
 .text.modem_supervisor_add_task_modem_mute
                0x0000000008003944       0x24 build_modem_2_4/modem_context.o
                0x0000000008003944                modem_supervisor_add_task_modem_mute
 .text.set_modem_status_modem_mute
                0x0000000008003968       0x1c build_modem_2_4/modem_context.o
                0x0000000008003968                set_modem_status_modem_mute
 .text.set_modem_status_modem_joined
                0x0000000008003984       0x1c build_modem_2_4/modem_context.o
                0x0000000008003984                set_modem_status_modem_joined
 .text.set_modem_status_file_upload
                0x00000000080039a0       0x1c build_modem_2_4/modem_context.o
                0x00000000080039a0                set_modem_status_file_upload
 .text.set_modem_status_joining
                0x00000000080039bc       0x1c build_modem_2_4/modem_context.o
                0x00000000080039bc                set_modem_status_joining
 .text.modem_supervisor_add_task_join
                0x00000000080039d8       0x3c build_modem_2_4/modem_context.o
                0x00000000080039d8                modem_supervisor_add_task_join
 .text.get_modem_status_file_upload
                0x0000000008003a14       0x10 build_modem_2_4/modem_context.o
                0x0000000008003a14                get_modem_status_file_upload
 .text.get_modem_status_joining
                0x0000000008003a24       0x10 build_modem_2_4/modem_context.o
                0x0000000008003a24                get_modem_status_joining
 .text.get_join_state
                0x0000000008003a34       0x1a build_modem_2_4/modem_context.o
                0x0000000008003a34                get_join_state
 .text.modem_supervisor_add_task_dm_status
                0x0000000008003a4e       0x2c build_modem_2_4/modem_context.o
                0x0000000008003a4e                modem_supervisor_add_task_dm_status
 *fill*         0x0000000008003a7a        0x2 
 .text.modem_supervisor_add_task_retrieve_dl
                0x0000000008003a7c       0x58 build_modem_2_4/modem_context.o
                0x0000000008003a7c                modem_supervisor_add_task_retrieve_dl
 .text.get_modem_status
                0x0000000008003ad4       0x1c build_modem_2_4/modem_context.o
                0x0000000008003ad4                get_modem_status
 .text.get_modem_charge_ma_s
                0x0000000008003af0       0x2c build_modem_2_4/modem_context.o
                0x0000000008003af0                get_modem_charge_ma_s
 .text.get_modem_charge_ma_h
                0x0000000008003b1c       0x10 build_modem_2_4/modem_context.o
                0x0000000008003b1c                get_modem_charge_ma_h
 .text.dm_check_dminfo_size
                0x0000000008003b2c       0x54 build_modem_2_4/modem_context.o
                0x0000000008003b2c                dm_check_dminfo_size
 .text.get_modem_muted
                0x0000000008003b80       0x14 build_modem_2_4/modem_context.o
                0x0000000008003b80                get_modem_muted
 .text.dm_get_number_of_days_mute
                0x0000000008003b94        0xc build_modem_2_4/modem_context.o
                0x0000000008003b94                dm_get_number_of_days_mute
 .text.get_modem_suspend
                0x0000000008003ba0        0xc build_modem_2_4/modem_context.o
                0x0000000008003ba0                get_modem_suspend
 .text.set_modem_downlink_frame
                0x0000000008003bac       0xa8 build_modem_2_4/modem_context.o
                0x0000000008003bac                set_modem_downlink_frame
 .text.get_modem_downlink_frame
                0x0000000008003c54       0x48 build_modem_2_4/modem_context.o
                0x0000000008003c54                get_modem_downlink_frame
 .text.dm_status_payload
                0x0000000008003c9c      0x1e8 build_modem_2_4/modem_context.o
                0x0000000008003c9c                dm_status_payload
 .text.set_dm_retrieve_pending_dl
                0x0000000008003e84        0xc build_modem_2_4/modem_context.o
                0x0000000008003e84                set_dm_retrieve_pending_dl
 .text.get_dm_retrieve_pending_dl
                0x0000000008003e90       0x10 build_modem_2_4/modem_context.o
                0x0000000008003e90                get_dm_retrieve_pending_dl
 .text.modem_context_factory_reset
                0x0000000008003ea0       0xe0 build_modem_2_4/modem_context.o
                0x0000000008003ea0                modem_context_factory_reset
 .text.modem_load_context
                0x0000000008003f80      0x120 build_modem_2_4/modem_context.o
                0x0000000008003f80                modem_load_context
 .text.modem_store_context
                0x00000000080040a0       0xa8 build_modem_2_4/modem_context.o
                0x00000000080040a0                modem_store_context
 .text.set_modem_dm_interval
                0x0000000008004148       0x18 build_modem_2_4/modem_context.o
                0x0000000008004148                set_modem_dm_interval
 .text.dm_set_conf
                0x0000000008004160       0x58 build_modem_2_4/modem_context.o
                0x0000000008004160                dm_set_conf
 .text.dm_set_number_of_days_mute
                0x00000000080041b8       0x30 build_modem_2_4/modem_context.o
                0x00000000080041b8                dm_set_number_of_days_mute
 .text.set_dm_info
                0x00000000080041e8       0xac build_modem_2_4/modem_context.o
                0x00000000080041e8                set_dm_info
 .text.modem_get_dm_upload_sctr
                0x0000000008004294       0x10 build_modem_2_4/modem_context.o
                0x0000000008004294                modem_get_dm_upload_sctr
 .text.modem_get_upload_state
                0x00000000080042a4        0xc build_modem_2_4/modem_context.o
                0x00000000080042a4                modem_get_upload_state
 .text.modem_set_upload_state
                0x00000000080042b0        0xc build_modem_2_4/modem_context.o
                0x00000000080042b0                modem_set_upload_state
 .text.modem_set_dm_info_bitfield_periodic
                0x00000000080042bc       0x18 build_modem_2_4/modem_context.o
                0x00000000080042bc                modem_set_dm_info_bitfield_periodic
 .text.modem_get_dm_info_bitfield_periodic
                0x00000000080042d4        0xc build_modem_2_4/modem_context.o
                0x00000000080042d4                modem_get_dm_info_bitfield_periodic
 .text.modem_get_user_alarm
                0x00000000080042e0        0xc build_modem_2_4/modem_context.o
                0x00000000080042e0                modem_get_user_alarm
 .text.modem_set_user_alarm
                0x00000000080042ec        0xc build_modem_2_4/modem_context.o
                0x00000000080042ec                modem_set_user_alarm
 .text.get_modem_reset_requested
                0x00000000080042f8        0xc build_modem_2_4/modem_context.o
                0x00000000080042f8                get_modem_reset_requested
 .text.function_xor.constprop.0
                0x0000000008004304       0x12 build_modem_2_4/file_upload.o
 *fill*         0x0000000008004316        0x2 
 .text.file_upload_gen_uplink
                0x0000000008004318      0x164 build_modem_2_4/file_upload.o
                0x0000000008004318                file_upload_gen_uplink
 .text.crc      0x000000000800447c       0x34 build_modem_2_4/modem_utilities.o
                0x000000000800447c                crc
 .text.init_task
                0x00000000080044b0       0x20 build_modem_2_4/modem_supervisor.o
                0x00000000080044b0                init_task
 .text.modem_supervisor_init
                0x00000000080044d0       0x3c build_modem_2_4/modem_supervisor.o
                0x00000000080044d0                modem_supervisor_init
 .text.modem_supervisor_remove_task
                0x000000000800450c       0x4c build_modem_2_4/modem_supervisor.o
                0x000000000800450c                modem_supervisor_remove_task
 .text.modem_supervisor_add_task
                0x0000000008004558       0x60 build_modem_2_4/modem_supervisor.o
                0x0000000008004558                modem_supervisor_add_task
 .text.modem_supervisor_launch_task
                0x00000000080045b8      0x450 build_modem_2_4/modem_supervisor.o
                0x00000000080045b8                modem_supervisor_launch_task
 .text.modem_supervisor_update_task
                0x0000000008004a08      0x1b0 build_modem_2_4/modem_supervisor.o
                0x0000000008004a08                modem_supervisor_update_task
 .text.modem_supervisor_scheduler
                0x0000000008004bb8      0x108 build_modem_2_4/modem_supervisor.o
                0x0000000008004bb8                modem_supervisor_scheduler
 .text.modem_supervisor_engine
                0x0000000008004cc0      0x10c build_modem_2_4/modem_supervisor.o
                0x0000000008004cc0                modem_supervisor_engine
 .text.lr1_stack_mac_session_init
                0x0000000008004dcc       0x6c build_modem_2_4/lr1_stack_mac_layer.o
                0x0000000008004dcc                lr1_stack_mac_session_init
 .text.lr1_stack_mac_init
                0x0000000008004e38       0x64 build_modem_2_4/lr1_stack_mac_layer.o
                0x0000000008004e38                lr1_stack_mac_init
 .text.lr1_stack_mac_tx_frame_build
                0x0000000008004e9c       0xb0 build_modem_2_4/lr1_stack_mac_layer.o
                0x0000000008004e9c                lr1_stack_mac_tx_frame_build
 .text.lr1_stack_mac_tx_frame_encrypt
                0x0000000008004f4c       0x58 build_modem_2_4/lr1_stack_mac_layer.o
                0x0000000008004f4c                lr1_stack_mac_tx_frame_encrypt
 .text.lr1_stack_mac_tx_radio_start
                0x0000000008004fa4      0x22c build_modem_2_4/lr1_stack_mac_layer.o
                0x0000000008004fa4                lr1_stack_mac_tx_radio_start
 .text.lr1_stack_mac_rx_radio_start
                0x00000000080051d0      0x274 build_modem_2_4/lr1_stack_mac_layer.o
                0x00000000080051d0                lr1_stack_mac_rx_radio_start
 .text.lr1_stack_mac_downlink_check_under_it
                0x0000000008005444       0xd8 build_modem_2_4/lr1_stack_mac_layer.o
                0x0000000008005444                lr1_stack_mac_downlink_check_under_it
 .text.lr1_stack_mac_rp_callback
                0x000000000800551c      0x104 build_modem_2_4/lr1_stack_mac_layer.o
                0x000000000800551c                lr1_stack_mac_rp_callback
 .text.lr1_stack_mac_radio_state_get
                0x0000000008005620        0xc build_modem_2_4/lr1_stack_mac_layer.o
                0x0000000008005620                lr1_stack_mac_radio_state_get
 .text.lr1_stack_mac_rx_timer_configure
                0x000000000800562c      0x1c0 build_modem_2_4/lr1_stack_mac_layer.o
                0x000000000800562c                lr1_stack_mac_rx_timer_configure
 .text.lr1_stack_mac_rx_frame_decode
                0x00000000080057ec      0x37c build_modem_2_4/lr1_stack_mac_layer.o
                0x00000000080057ec                lr1_stack_mac_rx_frame_decode
 .text.lr1_stack_mac_cmd_ans_cut
                0x0000000008005b68       0x38 build_modem_2_4/lr1_stack_mac_layer.o
                0x0000000008005b68                lr1_stack_mac_cmd_ans_cut
 .text.lr1_stack_mac_update
                0x0000000008005ba0      0x234 build_modem_2_4/lr1_stack_mac_layer.o
                0x0000000008005ba0                lr1_stack_mac_update
 .text.lr1_stack_mac_cmd_parse
                0x0000000008005dd4      0x7cc build_modem_2_4/lr1_stack_mac_layer.o
                0x0000000008005dd4                lr1_stack_mac_cmd_parse
 .text.lr1_stack_mac_join_request_build
                0x00000000080065a0       0xd8 build_modem_2_4/lr1_stack_mac_layer.o
                0x00000000080065a0                lr1_stack_mac_join_request_build
 .text.lr1_stack_mac_join_accept
                0x0000000008006678      0x110 build_modem_2_4/lr1_stack_mac_layer.o
                0x0000000008006678                lr1_stack_mac_join_accept
 .text.lr1_stack_rx1_join_delay_set
                0x0000000008006788        0xc build_modem_2_4/lr1_stack_mac_layer.o
                0x0000000008006788                lr1_stack_rx1_join_delay_set
 .text.lr1_stack_rx2_join_dr_set
                0x0000000008006794        0xc build_modem_2_4/lr1_stack_mac_layer.o
                0x0000000008006794                lr1_stack_rx2_join_dr_set
 .text.lr1_stack_network_next_free_duty_cycle_ms_get
                0x00000000080067a0       0x34 build_modem_2_4/lr1_stack_mac_layer.o
                0x00000000080067a0                lr1_stack_network_next_free_duty_cycle_ms_get
 .text.lr1mac_core_process
                0x00000000080067d4      0x324 build_modem_2_4/lr1mac_core.o
                0x00000000080067d4                lr1mac_core_process
 .text.lr1mac_core_join
                0x0000000008006af8       0xd8 build_modem_2_4/lr1mac_core.o
                0x0000000008006af8                lr1mac_core_join
 .text.lr1_mac_joined_status_get
                0x0000000008006bd0       0x10 build_modem_2_4/lr1mac_core.o
                0x0000000008006bd0                lr1_mac_joined_status_get
 .text.lr1mac_core_join_status_clear
                0x0000000008006be0       0x18 build_modem_2_4/lr1mac_core.o
                0x0000000008006be0                lr1mac_core_join_status_clear
 .text.lr1mac_core_payload_receive
                0x0000000008006bf8       0x44 build_modem_2_4/lr1mac_core.o
                0x0000000008006bf8                lr1mac_core_payload_receive
 .text.lr1mac_core_dr_strategy_set
                0x0000000008006c3c       0x20 build_modem_2_4/lr1mac_core.o
                0x0000000008006c3c                lr1mac_core_dr_strategy_set
 .text.lr1mac_core_dr_strategy_get
                0x0000000008006c5c       0x10 build_modem_2_4/lr1mac_core.o
                0x0000000008006c5c                lr1mac_core_dr_strategy_get
 .text.lr1mac_core_deveui_get
                0x0000000008006c6c       0x10 build_modem_2_4/lr1mac_core.o
                0x0000000008006c6c                lr1mac_core_deveui_get
 .text.lr1mac_core_deveui_set
                0x0000000008006c7c       0x14 build_modem_2_4/lr1mac_core.o
                0x0000000008006c7c                lr1mac_core_deveui_set
 .text.lr1mac_core_app_key_set
                0x0000000008006c90       0x14 build_modem_2_4/lr1mac_core.o
                0x0000000008006c90                lr1mac_core_app_key_set
 .text.lr1mac_core_appeui_key_get
                0x0000000008006ca4       0x10 build_modem_2_4/lr1mac_core.o
                0x0000000008006ca4                lr1mac_core_appeui_key_get
 .text.lr1mac_core_appeui_key_set
                0x0000000008006cb4       0x14 build_modem_2_4/lr1mac_core.o
                0x0000000008006cb4                lr1mac_core_appeui_key_set
 .text.lr1mac_core_state_get
                0x0000000008006cc8        0xc build_modem_2_4/lr1mac_core.o
                0x0000000008006cc8                lr1mac_core_state_get
 .text.lr1mac_core_context_save
                0x0000000008006cd4       0x10 build_modem_2_4/lr1mac_core.o
                0x0000000008006cd4                lr1mac_core_context_save
 .text.lr1mac_core_next_max_payload_length_get
                0x0000000008006ce4       0x1c build_modem_2_4/lr1mac_core.o
                0x0000000008006ce4                lr1mac_core_next_max_payload_length_get
 .text.lr1mac_core_is_otaa_device
                0x0000000008006d00        0xc build_modem_2_4/lr1mac_core.o
                0x0000000008006d00                lr1mac_core_is_otaa_device
 .text.lr1mac_core_nb_reset_get
                0x0000000008006d0c        0xc build_modem_2_4/lr1mac_core.o
                0x0000000008006d0c                lr1mac_core_nb_reset_get
 .text.lr1mac_core_devnonce_get
                0x0000000008006d18       0x10 build_modem_2_4/lr1mac_core.o
                0x0000000008006d18                lr1mac_core_devnonce_get
 .text.lr1mac_core_last_snr_get
                0x0000000008006d28       0x10 build_modem_2_4/lr1mac_core.o
                0x0000000008006d28                lr1mac_core_last_snr_get
 .text.lr1mac_core_last_rssi_get
                0x0000000008006d38       0x10 build_modem_2_4/lr1mac_core.o
                0x0000000008006d38                lr1mac_core_last_rssi_get
 .text.lr1mac_core_context_load
                0x0000000008006d48       0x10 build_modem_2_4/lr1mac_core.o
                0x0000000008006d48                lr1mac_core_context_load
 .text.lr1mac_core_fcnt_up_get
                0x0000000008006d58        0xc build_modem_2_4/lr1mac_core.o
                0x0000000008006d58                lr1mac_core_fcnt_up_get
 .text.lr1mac_core_next_join_time_second_get
                0x0000000008006d64       0x10 build_modem_2_4/lr1mac_core.o
                0x0000000008006d64                lr1mac_core_next_join_time_second_get
 .text.lr1mac_core_next_free_duty_cycle_ms_get
                0x0000000008006d74       0x24 build_modem_2_4/lr1mac_core.o
                0x0000000008006d74                lr1mac_core_next_free_duty_cycle_ms_get
 .text.lr1mac_core_payload_send
                0x0000000008006d98      0x114 build_modem_2_4/lr1mac_core.o
                0x0000000008006d98                lr1mac_core_payload_send
 .text.lr1mac_core_duty_cycle_enable_set
                0x0000000008006eac       0x10 build_modem_2_4/lr1mac_core.o
                0x0000000008006eac                lr1mac_core_duty_cycle_enable_set
 .text.lr1mac_core_rx_ack_bit_get
                0x0000000008006ebc       0x10 build_modem_2_4/lr1mac_core.o
                0x0000000008006ebc                lr1mac_core_rx_ack_bit_get
 .text.lr1mac_core_is_supported_region
                0x0000000008006ecc       0x3c build_modem_2_4/lr1mac_core.o
                0x0000000008006ecc                lr1mac_core_is_supported_region
 .text.lr1mac_core_init
                0x0000000008006f08       0xc4 build_modem_2_4/lr1mac_core.o
                0x0000000008006f08                lr1mac_core_init
 .text.lr1mac_core_get_region
                0x0000000008006fcc        0xc build_modem_2_4/lr1mac_core.o
                0x0000000008006fcc                lr1mac_core_get_region
 .text.lr1mac_core_set_region
                0x0000000008006fd8       0x24 build_modem_2_4/lr1mac_core.o
                0x0000000008006fd8                lr1mac_core_set_region
 .text.memcpy1  0x0000000008006ffc       0x12 build_modem_2_4/lr1mac_utilities.o
                0x0000000008006ffc                memcpy1
 *fill*         0x000000000800700e        0x2 
 .text.memset1  0x0000000008007010       0x18 build_modem_2_4/lr1mac_utilities.o
                0x0000000008007010                memset1
 .text.lr1mac_utilities_crc
                0x0000000008007028       0x38 build_modem_2_4/lr1mac_utilities.o
                0x0000000008007028                lr1mac_utilities_crc
 .text.smtc_real_init
                0x0000000008007060       0x44 build_modem_2_4/smtc_real.o
                0x0000000008007060                smtc_real_init
 .text.smtc_real_dr_distribution_set
                0x00000000080070a4       0x44 build_modem_2_4/smtc_real.o
                0x00000000080070a4                smtc_real_dr_distribution_set
 .text.smtc_real_memory_load
                0x00000000080070e8       0x48 build_modem_2_4/smtc_real.o
                0x00000000080070e8                smtc_real_memory_load
 .text.smtc_real_next_dr_get
                0x0000000008007130       0x44 build_modem_2_4/smtc_real.o
                0x0000000008007130                smtc_real_next_dr_get
 .text.smtc_real_memory_save
                0x0000000008007174       0x44 build_modem_2_4/smtc_real.o
                0x0000000008007174                smtc_real_memory_save
 .text.smtc_real_max_payload_size_get
                0x00000000080071b8       0x48 build_modem_2_4/smtc_real.o
                0x00000000080071b8                smtc_real_max_payload_size_get
 .text.smtc_real_decode_freq_from_buf
                0x0000000008007200       0x48 build_modem_2_4/smtc_real.o
                0x0000000008007200                smtc_real_decode_freq_from_buf
 .text.smtc_real_cflist_get
                0x0000000008007248       0x44 build_modem_2_4/smtc_real.o
                0x0000000008007248                smtc_real_cflist_get
 .text.smtc_real_next_channel_get
                0x000000000800728c       0x48 build_modem_2_4/smtc_real.o
                0x000000000800728c                smtc_real_next_channel_get
 .text.smtc_real_join_next_channel_get
                0x00000000080072d4       0x48 build_modem_2_4/smtc_real.o
                0x00000000080072d4                smtc_real_join_next_channel_get
 .text.smtc_real_rx_config_set
                0x000000000800731c       0x44 build_modem_2_4/smtc_real.o
                0x000000000800731c                smtc_real_rx_config_set
 .text.smtc_real_power_set
                0x0000000008007360       0x44 build_modem_2_4/smtc_real.o
                0x0000000008007360                smtc_real_power_set
 .text.smtc_real_default_max_eirp_get
                0x00000000080073a4       0x44 build_modem_2_4/smtc_real.o
                0x00000000080073a4                smtc_real_default_max_eirp_get
 .text.smtc_real_channel_mask_set
                0x00000000080073e8       0x44 build_modem_2_4/smtc_real.o
                0x00000000080073e8                smtc_real_channel_mask_set
 .text.smtc_real_join_snapshot_channel_mask_init
                0x000000000800742c       0x44 build_modem_2_4/smtc_real.o
                0x000000000800742c                smtc_real_join_snapshot_channel_mask_init
 .text.smtc_real_channel_mask_build
                0x0000000008007470       0x50 build_modem_2_4/smtc_real.o
                0x0000000008007470                smtc_real_channel_mask_build
 .text.smtc_real_dr_decrement
                0x00000000080074c0       0x44 build_modem_2_4/smtc_real.o
                0x00000000080074c0                smtc_real_dr_decrement
 .text.smtc_real_adr_ack_delay_get
                0x0000000008007504       0x48 build_modem_2_4/smtc_real.o
                0x0000000008007504                smtc_real_adr_ack_delay_get
 .text.smtc_real_adr_ack_limit_get
                0x000000000800754c       0x48 build_modem_2_4/smtc_real.o
                0x000000000800754c                smtc_real_adr_ack_limit_get
 .text.smtc_real_sync_word_get
                0x0000000008007594       0x48 build_modem_2_4/smtc_real.o
                0x0000000008007594                smtc_real_sync_word_get
 .text.smtc_real_gfsk_sync_word_get
                0x00000000080075dc       0x38 build_modem_2_4/smtc_real.o
                0x00000000080075dc                smtc_real_gfsk_sync_word_get
 .text.smtc_real_is_valid_rx1_dr_offset
                0x0000000008007614       0x4c build_modem_2_4/smtc_real.o
                0x0000000008007614                smtc_real_is_valid_rx1_dr_offset
 .text.smtc_real_is_valid_dr
                0x0000000008007660       0x4c build_modem_2_4/smtc_real.o
                0x0000000008007660                smtc_real_is_valid_dr
 .text.smtc_real_is_acceptable_dr
                0x00000000080076ac       0x4c build_modem_2_4/smtc_real.o
                0x00000000080076ac                smtc_real_is_acceptable_dr
 .text.smtc_real_is_valid_tx_frequency
                0x00000000080076f8       0x4c build_modem_2_4/smtc_real.o
                0x00000000080076f8                smtc_real_is_valid_tx_frequency
 .text.smtc_real_is_valid_rx_frequency
                0x0000000008007744       0x4c build_modem_2_4/smtc_real.o
                0x0000000008007744                smtc_real_is_valid_rx_frequency
 .text.smtc_real_is_valid_tx_power
                0x0000000008007790       0x4c build_modem_2_4/smtc_real.o
                0x0000000008007790                smtc_real_is_valid_tx_power
 .text.smtc_real_is_valid_channel_index
                0x00000000080077dc       0x4c build_modem_2_4/smtc_real.o
                0x00000000080077dc                smtc_real_is_valid_channel_index
 .text.smtc_real_is_valid_size
                0x0000000008007828       0x48 build_modem_2_4/smtc_real.o
                0x0000000008007828                smtc_real_is_valid_size
 .text.smtc_real_tx_frequency_channel_set
                0x0000000008007870       0x4c build_modem_2_4/smtc_real.o
                0x0000000008007870                smtc_real_tx_frequency_channel_set
 .text.smtc_real_rx1_frequency_channel_set
                0x00000000080078bc       0x4c build_modem_2_4/smtc_real.o
                0x00000000080078bc                smtc_real_rx1_frequency_channel_set
 .text.smtc_real_min_dr_channel_set
                0x0000000008007908       0x4c build_modem_2_4/smtc_real.o
                0x0000000008007908                smtc_real_min_dr_channel_set
 .text.smtc_real_max_dr_channel_set
                0x0000000008007954       0x4c build_modem_2_4/smtc_real.o
                0x0000000008007954                smtc_real_max_dr_channel_set
 .text.smtc_real_channel_enabled_set
                0x00000000080079a0       0x4c build_modem_2_4/smtc_real.o
                0x00000000080079a0                smtc_real_channel_enabled_set
 .text.smtc_real_tx_frequency_channel_get
                0x00000000080079ec       0x48 build_modem_2_4/smtc_real.o
                0x00000000080079ec                smtc_real_tx_frequency_channel_get
 .text.smtc_real_rx1_frequency_channel_get
                0x0000000008007a34       0x48 build_modem_2_4/smtc_real.o
                0x0000000008007a34                smtc_real_rx1_frequency_channel_get
 .text.smtc_real_min_dr_channel_get
                0x0000000008007a7c       0x48 build_modem_2_4/smtc_real.o
                0x0000000008007a7c                smtc_real_min_dr_channel_get
 .text.smtc_real_rx1_join_delay_get
                0x0000000008007ac4       0x44 build_modem_2_4/smtc_real.o
                0x0000000008007ac4                smtc_real_rx1_join_delay_get
 .text.smtc_real_rx2_join_dr_get
                0x0000000008007b08       0x40 build_modem_2_4/smtc_real.o
                0x0000000008007b08                smtc_real_rx2_join_dr_get
 .text.smtc_real_coding_rate_get
                0x0000000008007b48       0x40 build_modem_2_4/smtc_real.o
                0x0000000008007b48                smtc_real_coding_rate_get
 .text.smtc_real_get_join_sf5_toa_in_ms
                0x0000000008007b88       0x44 build_modem_2_4/smtc_real.o
                0x0000000008007b88                smtc_real_get_join_sf5_toa_in_ms
 .text.smtc_real_duty_cycle_enable_set
                0x0000000008007bcc       0x40 build_modem_2_4/smtc_real.o
                0x0000000008007bcc                smtc_real_duty_cycle_enable_set
 .text.smtc_real_duty_cycle_sum
                0x0000000008007c0c       0x40 build_modem_2_4/smtc_real.o
                0x0000000008007c0c                smtc_real_duty_cycle_sum
 .text.smtc_real_duty_cycle_update
                0x0000000008007c4c       0x40 build_modem_2_4/smtc_real.o
                0x0000000008007c4c                smtc_real_duty_cycle_update
 .text.smtc_real_next_free_duty_cycle_ms_get
                0x0000000008007c8c       0x40 build_modem_2_4/smtc_real.o
                0x0000000008007c8c                smtc_real_next_free_duty_cycle_ms_get
 .text.smtc_real_preamble_get
                0x0000000008007ccc       0x68 build_modem_2_4/smtc_real.o
                0x0000000008007ccc                smtc_real_preamble_get
 .text.xor_block
                0x0000000008007d34       0x82 build_modem_2_4/aes.o
 .text.copy_and_key
                0x0000000008007db6       0x84 build_modem_2_4/aes.o
 *fill*         0x0000000008007e3a        0x2 
 .text.aes_set_key
                0x0000000008007e3c      0x10c build_modem_2_4/aes.o
                0x0000000008007e3c                aes_set_key
 .text.aes_encrypt
                0x0000000008007f48      0x2c4 build_modem_2_4/aes.o
                0x0000000008007f48                aes_encrypt
 .text.AES_CMAC_Init
                0x000000000800820c       0x20 build_modem_2_4/cmac.o
                0x000000000800820c                AES_CMAC_Init
 .text.AES_CMAC_SetKey
                0x000000000800822c        0xe build_modem_2_4/cmac.o
                0x000000000800822c                AES_CMAC_SetKey
 .text.AES_CMAC_Update
                0x000000000800823a       0xc8 build_modem_2_4/cmac.o
                0x000000000800823a                AES_CMAC_Update
 .text.AES_CMAC_Final
                0x0000000008008302      0x158 build_modem_2_4/cmac.o
                0x0000000008008302                AES_CMAC_Final
 *fill*         0x000000000800845a        0x2 
 .text.compute_mic
                0x000000000800845c       0x6c build_modem_2_4/crypto.o
                0x000000000800845c                compute_mic
 .text.lora_crypto_payload_encrypt
                0x00000000080084c8       0xcc build_modem_2_4/crypto.o
                0x00000000080084c8                lora_crypto_payload_encrypt
 .text.payload_decrypt
                0x0000000008008594       0x1a build_modem_2_4/crypto.o
                0x0000000008008594                payload_decrypt
 *fill*         0x00000000080085ae        0x2 
 .text.join_compute_mic
                0x00000000080085b0       0x40 build_modem_2_4/crypto.o
                0x00000000080085b0                join_compute_mic
 .text.join_decrypt
                0x00000000080085f0       0x44 build_modem_2_4/crypto.o
                0x00000000080085f0                join_decrypt
 .text.join_compute_skeys
                0x0000000008008634       0x9c build_modem_2_4/crypto.o
                0x0000000008008634                join_compute_skeys
 .text.lora_crypto_add_mic
                0x00000000080086d0       0x2c build_modem_2_4/crypto.o
                0x00000000080086d0                lora_crypto_add_mic
 .text.check_mic
                0x00000000080086fc       0x24 build_modem_2_4/crypto.o
                0x00000000080086fc                check_mic
 .text.check_join_mic
                0x0000000008008720       0x16 build_modem_2_4/crypto.o
                0x0000000008008720                check_join_mic
 .text.ral_init
                0x0000000008008736       0x14 build_modem_2_4/ral.o
                0x0000000008008736                ral_init
 .text.ral_setup_rx_gfsk
                0x000000000800874a       0x14 build_modem_2_4/ral.o
                0x000000000800874a                ral_setup_rx_gfsk
 .text.ral_setup_tx_gfsk
                0x000000000800875e       0x14 build_modem_2_4/ral.o
                0x000000000800875e                ral_setup_tx_gfsk
 .text.ral_setup_rx_lora
                0x0000000008008772       0x14 build_modem_2_4/ral.o
                0x0000000008008772                ral_setup_rx_lora
 .text.ral_setup_tx_lora
                0x0000000008008786       0x14 build_modem_2_4/ral.o
                0x0000000008008786                ral_setup_tx_lora
 .text.ral_setup_cad
                0x000000000800879a       0x14 build_modem_2_4/ral.o
                0x000000000800879a                ral_setup_cad
 .text.ral_set_pkt_payload
                0x00000000080087ae       0x14 build_modem_2_4/ral.o
                0x00000000080087ae                ral_set_pkt_payload
 .text.ral_get_pkt_payload
                0x00000000080087c2       0x14 build_modem_2_4/ral.o
                0x00000000080087c2                ral_get_pkt_payload
 .text.ral_get_gfsk_pkt_status
                0x00000000080087d6       0x14 build_modem_2_4/ral.o
                0x00000000080087d6                ral_get_gfsk_pkt_status
 .text.ral_get_lora_pkt_status
                0x00000000080087ea       0x14 build_modem_2_4/ral.o
                0x00000000080087ea                ral_get_lora_pkt_status
 .text.ral_set_sleep
                0x00000000080087fe       0x14 build_modem_2_4/ral.o
                0x00000000080087fe                ral_set_sleep
 .text.ral_set_tx
                0x0000000008008812       0x14 build_modem_2_4/ral.o
                0x0000000008008812                ral_set_tx
 .text.ral_set_rx
                0x0000000008008826       0x14 build_modem_2_4/ral.o
                0x0000000008008826                ral_set_rx
 .text.ral_set_cad
                0x000000000800883a       0x14 build_modem_2_4/ral.o
                0x000000000800883a                ral_set_cad
 .text.ral_clear_irq_status
                0x000000000800884e       0x14 build_modem_2_4/ral.o
                0x000000000800884e                ral_clear_irq_status
 .text.ral_process_irq
                0x0000000008008862       0x14 build_modem_2_4/ral.o
                0x0000000008008862                ral_process_irq
 .text.ral_get_lora_tx_consumption_in_ua
                0x0000000008008876       0x16 build_modem_2_4/ral.o
                0x0000000008008876                ral_get_lora_tx_consumption_in_ua
 .text.ral_get_lora_rx_consumption_in_ua
                0x000000000800888c       0x16 build_modem_2_4/ral.o
                0x000000000800888c                ral_get_lora_rx_consumption_in_ua
 .text.ral_set_tcxo_on
                0x00000000080088a2       0x16 build_modem_2_4/ral.o
                0x00000000080088a2                ral_set_tcxo_on
 .text.ral_set_tcxo_off
                0x00000000080088b8       0x14 build_modem_2_4/ral.o
                0x00000000080088b8                ral_set_tcxo_off
 .text.rp_consumption_statistics_updated
                0x00000000080088cc       0xfc build_modem_2_4/radio_planner.o
 .text.rp_task_launch_current
                0x00000000080089c8      0x17c build_modem_2_4/radio_planner.o
 .text.rp_task_compute_ranking
                0x0000000008008b44       0x50 build_modem_2_4/radio_planner.o
 .text.rp_task_call_aborted
                0x0000000008008b94       0x54 build_modem_2_4/radio_planner.o
 .text.rp_task_arbiter.isra.0
                0x0000000008008be8      0x31c build_modem_2_4/radio_planner.o
 .text.rp_timer_irq_callback
                0x0000000008008f04       0x14 build_modem_2_4/radio_planner.o
 .text.rp_init  0x0000000008008f18       0xe0 build_modem_2_4/radio_planner.o
                0x0000000008008f18                rp_init
 .text.rp_hook_init
                0x0000000008008ff8       0x20 build_modem_2_4/radio_planner.o
                0x0000000008008ff8                rp_hook_init
 .text.rp_hook_get_id
                0x0000000008009018       0x22 build_modem_2_4/radio_planner.o
                0x0000000008009018                rp_hook_get_id
 *fill*         0x000000000800903a        0x2 
 .text.rp_task_enqueue
                0x000000000800903c       0xac build_modem_2_4/radio_planner.o
                0x000000000800903c                rp_task_enqueue
 .text.rp_get_status
                0x00000000080090e8       0x1a build_modem_2_4/radio_planner.o
                0x00000000080090e8                rp_get_status
 .text.rp_get_pkt_payload
                0x0000000008009102       0x6e build_modem_2_4/radio_planner.o
                0x0000000008009102                rp_get_pkt_payload
 .text.rp_radio_irq_callback
                0x0000000008009170      0x13c build_modem_2_4/radio_planner.o
                0x0000000008009170                rp_radio_irq_callback
 .text.HAL_RNG_Init
                0x00000000080092ac       0x32 build_modem_2_4/stm32l0xx_hal_rng.o
                0x00000000080092ac                HAL_RNG_Init
 .text.HAL_RNG_DeInit
                0x00000000080092de       0x2c build_modem_2_4/stm32l0xx_hal_rng.o
                0x00000000080092de                HAL_RNG_DeInit
 .text.HAL_RNG_GenerateRandomNumber
                0x000000000800930a       0x64 build_modem_2_4/stm32l0xx_hal_rng.o
                0x000000000800930a                HAL_RNG_GenerateRandomNumber
 .text.HAL_RNG_GetRandomNumber
                0x000000000800936e       0x18 build_modem_2_4/stm32l0xx_hal_rng.o
                0x000000000800936e                HAL_RNG_GetRandomNumber
 *fill*         0x0000000008009386        0x2 
 .text.HAL_LPTIM_Init
                0x0000000008009388       0xa0 build_modem_2_4/stm32l0xx_hal_lptim.o
                0x0000000008009388                HAL_LPTIM_Init
 .text.HAL_LPTIM_TimeOut_Start_IT
                0x0000000008009428       0x48 build_modem_2_4/stm32l0xx_hal_lptim.o
                0x0000000008009428                HAL_LPTIM_TimeOut_Start_IT
 .text.HAL_LPTIM_CompareMatchCallback
                0x0000000008009470        0x2 build_modem_2_4/stm32l0xx_hal_lptim.o
                0x0000000008009470                HAL_LPTIM_CompareMatchCallback
 .text.HAL_LPTIM_AutoReloadMatchCallback
                0x0000000008009472        0x2 build_modem_2_4/stm32l0xx_hal_lptim.o
                0x0000000008009472                HAL_LPTIM_AutoReloadMatchCallback
 .text.HAL_LPTIM_TriggerCallback
                0x0000000008009474        0x2 build_modem_2_4/stm32l0xx_hal_lptim.o
                0x0000000008009474                HAL_LPTIM_TriggerCallback
 .text.HAL_LPTIM_CompareWriteCallback
                0x0000000008009476        0x2 build_modem_2_4/stm32l0xx_hal_lptim.o
                0x0000000008009476                HAL_LPTIM_CompareWriteCallback
 .text.HAL_LPTIM_AutoReloadWriteCallback
                0x0000000008009478        0x2 build_modem_2_4/stm32l0xx_hal_lptim.o
                0x0000000008009478                HAL_LPTIM_AutoReloadWriteCallback
 .text.HAL_LPTIM_DirectionUpCallback
                0x000000000800947a        0x2 build_modem_2_4/stm32l0xx_hal_lptim.o
                0x000000000800947a                HAL_LPTIM_DirectionUpCallback
 .text.HAL_LPTIM_DirectionDownCallback
                0x000000000800947c        0x2 build_modem_2_4/stm32l0xx_hal_lptim.o
                0x000000000800947c                HAL_LPTIM_DirectionDownCallback
 .text.HAL_LPTIM_IRQHandler
                0x000000000800947e       0xac build_modem_2_4/stm32l0xx_hal_lptim.o
                0x000000000800947e                HAL_LPTIM_IRQHandler
 *fill*         0x000000000800952a        0x2 
 .text.LPTIM_Disable
                0x000000000800952c       0xf0 build_modem_2_4/stm32l0xx_hal_lptim.o
                0x000000000800952c                LPTIM_Disable
 .text.HAL_LPTIM_TimeOut_Stop
                0x000000000800961c       0x28 build_modem_2_4/stm32l0xx_hal_lptim.o
                0x000000000800961c                HAL_LPTIM_TimeOut_Stop
 .text.HAL_LPTIM_TimeOut_Stop_IT
                0x0000000008009644       0x40 build_modem_2_4/stm32l0xx_hal_lptim.o
                0x0000000008009644                HAL_LPTIM_TimeOut_Stop_IT
 .text.HAL_RTC_WaitForSynchro
                0x0000000008009684       0x34 build_modem_2_4/stm32l0xx_hal_rtc.o
                0x0000000008009684                HAL_RTC_WaitForSynchro
 .text.RTC_EnterInitMode
                0x00000000080096b8       0x38 build_modem_2_4/stm32l0xx_hal_rtc.o
                0x00000000080096b8                RTC_EnterInitMode
 .text.HAL_RTC_Init
                0x00000000080096f0       0xb8 build_modem_2_4/stm32l0xx_hal_rtc.o
                0x00000000080096f0                HAL_RTC_Init
 .text.RTC_ByteToBcd2
                0x00000000080097a8       0x16 build_modem_2_4/stm32l0xx_hal_rtc.o
                0x00000000080097a8                RTC_ByteToBcd2
 *fill*         0x00000000080097be        0x2 
 .text.HAL_RTC_SetTime
                0x00000000080097c0      0x10c build_modem_2_4/stm32l0xx_hal_rtc.o
                0x00000000080097c0                HAL_RTC_SetTime
 .text.HAL_RTC_SetDate
                0x00000000080098cc       0xd8 build_modem_2_4/stm32l0xx_hal_rtc.o
                0x00000000080098cc                HAL_RTC_SetDate
 .text.RTC_Bcd2ToByte
                0x00000000080099a4       0x12 build_modem_2_4/stm32l0xx_hal_rtc.o
                0x00000000080099a4                RTC_Bcd2ToByte
 *fill*         0x00000000080099b6        0x2 
 .text.HAL_RTC_GetTime
                0x00000000080099b8       0x54 build_modem_2_4/stm32l0xx_hal_rtc.o
                0x00000000080099b8                HAL_RTC_GetTime
 .text.HAL_RTC_GetDate
                0x0000000008009a0c       0x44 build_modem_2_4/stm32l0xx_hal_rtc.o
                0x0000000008009a0c                HAL_RTC_GetDate
 .text.HAL_RTCEx_SetWakeUpTimer_IT
                0x0000000008009a50       0xfc build_modem_2_4/stm32l0xx_hal_rtc_ex.o
                0x0000000008009a50                HAL_RTCEx_SetWakeUpTimer_IT
 .text.HAL_RTCEx_DeactivateWakeUpTimer
                0x0000000008009b4c       0x80 build_modem_2_4/stm32l0xx_hal_rtc_ex.o
                0x0000000008009b4c                HAL_RTCEx_DeactivateWakeUpTimer
 .text.HAL_RTCEx_WakeUpTimerEventCallback
                0x0000000008009bcc        0x2 build_modem_2_4/stm32l0xx_hal_rtc_ex.o
                0x0000000008009bcc                HAL_RTCEx_WakeUpTimerEventCallback
 *fill*         0x0000000008009bce        0x2 
 .text.HAL_RTCEx_WakeUpTimerIRQHandler
                0x0000000008009bd0       0x34 build_modem_2_4/stm32l0xx_hal_rtc_ex.o
                0x0000000008009bd0                HAL_RTCEx_WakeUpTimerIRQHandler
 .text.HAL_RTCEx_EnableBypassShadow
                0x0000000008009c04       0x34 build_modem_2_4/stm32l0xx_hal_rtc_ex.o
                0x0000000008009c04                HAL_RTCEx_EnableBypassShadow
 .text.HAL_SPI_Init
                0x0000000008009c38       0x80 build_modem_2_4/stm32l0xx_hal_spi.o
                0x0000000008009c38                HAL_SPI_Init
 .text.HAL_SPI_DeInit
                0x0000000008009cb8       0x2e build_modem_2_4/stm32l0xx_hal_spi.o
                0x0000000008009cb8                HAL_SPI_DeInit
 .text.HAL_UART_DeInit
                0x0000000008009ce6       0x32 build_modem_2_4/stm32l0xx_hal_uart.o
                0x0000000008009ce6                HAL_UART_DeInit
 .text.UART_SetConfig
                0x0000000008009d18      0x270 build_modem_2_4/stm32l0xx_hal_uart.o
                0x0000000008009d18                UART_SetConfig
 .text.UART_AdvFeatureConfig
                0x0000000008009f88       0xd0 build_modem_2_4/stm32l0xx_hal_uart.o
                0x0000000008009f88                UART_AdvFeatureConfig
 .text.UART_WaitOnFlagUntilTimeout
                0x000000000800a058       0x5c build_modem_2_4/stm32l0xx_hal_uart.o
                0x000000000800a058                UART_WaitOnFlagUntilTimeout
 .text.HAL_UART_Transmit
                0x000000000800a0b4       0xda build_modem_2_4/stm32l0xx_hal_uart.o
                0x000000000800a0b4                HAL_UART_Transmit
 *fill*         0x000000000800a18e        0x2 
 .text.UART_CheckIdleState
                0x000000000800a190       0x60 build_modem_2_4/stm32l0xx_hal_uart.o
                0x000000000800a190                UART_CheckIdleState
 .text.HAL_UART_Init
                0x000000000800a1f0       0x64 build_modem_2_4/stm32l0xx_hal_uart.o
                0x000000000800a1f0                HAL_UART_Init
 .text.HAL_InitTick
                0x000000000800a254       0x30 build_modem_2_4/stm32l0xx_hal.o
                0x000000000800a254                HAL_InitTick
 .text.HAL_Init
                0x000000000800a284       0x28 build_modem_2_4/stm32l0xx_hal.o
                0x000000000800a284                HAL_Init
 .text.HAL_IncTick
                0x000000000800a2ac       0x10 build_modem_2_4/stm32l0xx_hal.o
                0x000000000800a2ac                HAL_IncTick
 .text.HAL_GetTick
                0x000000000800a2bc        0xc build_modem_2_4/stm32l0xx_hal.o
                0x000000000800a2bc                HAL_GetTick
 .text.HAL_RCC_GetSysClockFreq
                0x000000000800a2c8       0x80 build_modem_2_4/stm32l0xx_hal_rcc.o
                0x000000000800a2c8                HAL_RCC_GetSysClockFreq
 .text.HAL_RCC_OscConfig
                0x000000000800a348      0x510 build_modem_2_4/stm32l0xx_hal_rcc.o
                0x000000000800a348                HAL_RCC_OscConfig
 .text.HAL_RCC_ClockConfig
                0x000000000800a858      0x170 build_modem_2_4/stm32l0xx_hal_rcc.o
                0x000000000800a858                HAL_RCC_ClockConfig
 .text.HAL_RCC_GetHCLKFreq
                0x000000000800a9c8        0xc build_modem_2_4/stm32l0xx_hal_rcc.o
                0x000000000800a9c8                HAL_RCC_GetHCLKFreq
 .text.HAL_RCC_GetPCLK1Freq
                0x000000000800a9d4       0x20 build_modem_2_4/stm32l0xx_hal_rcc.o
                0x000000000800a9d4                HAL_RCC_GetPCLK1Freq
 .text.HAL_RCC_GetPCLK2Freq
                0x000000000800a9f4       0x20 build_modem_2_4/stm32l0xx_hal_rcc.o
                0x000000000800a9f4                HAL_RCC_GetPCLK2Freq
 .text.HAL_RCCEx_PeriphCLKConfig
                0x000000000800aa14      0x1d4 build_modem_2_4/stm32l0xx_hal_rcc_ex.o
                0x000000000800aa14                HAL_RCCEx_PeriphCLKConfig
 .text.HAL_FLASHEx_DATAEEPROM_Unlock
                0x000000000800abe8       0x30 build_modem_2_4/stm32l0xx_hal_flash_ex.o
                0x000000000800abe8                HAL_FLASHEx_DATAEEPROM_Unlock
 .text.HAL_FLASHEx_DATAEEPROM_Lock
                0x000000000800ac18       0x14 build_modem_2_4/stm32l0xx_hal_flash_ex.o
                0x000000000800ac18                HAL_FLASHEx_DATAEEPROM_Lock
 .text.HAL_GPIO_Init
                0x000000000800ac2c      0x17c build_modem_2_4/stm32l0xx_hal_gpio.o
                0x000000000800ac2c                HAL_GPIO_Init
 .text.HAL_GPIO_DeInit
                0x000000000800ada8       0xf8 build_modem_2_4/stm32l0xx_hal_gpio.o
                0x000000000800ada8                HAL_GPIO_DeInit
 .text.HAL_GPIO_ReadPin
                0x000000000800aea0        0xc build_modem_2_4/stm32l0xx_hal_gpio.o
                0x000000000800aea0                HAL_GPIO_ReadPin
 .text.HAL_GPIO_WritePin
                0x000000000800aeac        0xc build_modem_2_4/stm32l0xx_hal_gpio.o
                0x000000000800aeac                HAL_GPIO_WritePin
 .text.HAL_GPIO_EXTI_IRQHandler
                0x000000000800aeb8       0x18 build_modem_2_4/stm32l0xx_hal_gpio.o
                0x000000000800aeb8                HAL_GPIO_EXTI_IRQHandler
 .text.HAL_DMA_Init
                0x000000000800aed0       0x88 build_modem_2_4/stm32l0xx_hal_dma.o
                0x000000000800aed0                HAL_DMA_Init
 .text.HAL_DMA_DeInit
                0x000000000800af58       0x60 build_modem_2_4/stm32l0xx_hal_dma.o
                0x000000000800af58                HAL_DMA_DeInit
 .text.HAL_DMA_IRQHandler
                0x000000000800afb8       0x96 build_modem_2_4/stm32l0xx_hal_dma.o
                0x000000000800afb8                HAL_DMA_IRQHandler
 *fill*         0x000000000800b04e        0x2 
 .text.HAL_PWR_DisablePVD
                0x000000000800b050       0x10 build_modem_2_4/stm32l0xx_hal_pwr.o
                0x000000000800b050                HAL_PWR_DisablePVD
 .text.HAL_PWR_EnterSTOPMode
                0x000000000800b060       0x38 build_modem_2_4/stm32l0xx_hal_pwr.o
                0x000000000800b060                HAL_PWR_EnterSTOPMode
 .text.HAL_PWREx_EnableFastWakeUp
                0x000000000800b098       0x14 build_modem_2_4/stm32l0xx_hal_pwr_ex.o
                0x000000000800b098                HAL_PWREx_EnableFastWakeUp
 .text.HAL_PWREx_EnableUltraLowPower
                0x000000000800b0ac       0x14 build_modem_2_4/stm32l0xx_hal_pwr_ex.o
                0x000000000800b0ac                HAL_PWREx_EnableUltraLowPower
 .text.HAL_NVIC_SetPriority
                0x000000000800b0c0       0x54 build_modem_2_4/stm32l0xx_hal_cortex.o
                0x000000000800b0c0                HAL_NVIC_SetPriority
 .text.HAL_NVIC_EnableIRQ
                0x000000000800b114       0x18 build_modem_2_4/stm32l0xx_hal_cortex.o
                0x000000000800b114                HAL_NVIC_EnableIRQ
 .text.HAL_NVIC_DisableIRQ
                0x000000000800b12c       0x20 build_modem_2_4/stm32l0xx_hal_cortex.o
                0x000000000800b12c                HAL_NVIC_DisableIRQ
 .text.HAL_SYSTICK_Config
                0x000000000800b14c       0x34 build_modem_2_4/stm32l0xx_hal_cortex.o
                0x000000000800b14c                HAL_SYSTICK_Config
 .text.HAL_SYSTICK_CLKSourceConfig
                0x000000000800b180       0x1c build_modem_2_4/stm32l0xx_hal_cortex.o
                0x000000000800b180                HAL_SYSTICK_CLKSourceConfig
 .text.HAL_SYSTICK_Callback
                0x000000000800b19c        0x2 build_modem_2_4/stm32l0xx_hal_cortex.o
                0x000000000800b19c                HAL_SYSTICK_Callback
 .text.HAL_SYSTICK_IRQHandler
                0x000000000800b19e        0x8 build_modem_2_4/stm32l0xx_hal_cortex.o
                0x000000000800b19e                HAL_SYSTICK_IRQHandler
 *fill*         0x000000000800b1a6        0x2 
 .text.ADC_DelayMicroSecond
                0x000000000800b1a8       0x2c build_modem_2_4/stm32l0xx_hal_adc.o
 .text.ADC_Enable
                0x000000000800b1d4       0x70 build_modem_2_4/stm32l0xx_hal_adc.o
 .text.ADC_Disable
                0x000000000800b244       0x68 build_modem_2_4/stm32l0xx_hal_adc.o
 .text.ADC_ConversionStop
                0x000000000800b2ac       0x52 build_modem_2_4/stm32l0xx_hal_adc.o
 *fill*         0x000000000800b2fe        0x2 
 .text.HAL_ADC_Init
                0x000000000800b300      0x1b4 build_modem_2_4/stm32l0xx_hal_adc.o
                0x000000000800b300                HAL_ADC_Init
 .text.HAL_ADC_DeInit
                0x000000000800b4b4       0xa8 build_modem_2_4/stm32l0xx_hal_adc.o
                0x000000000800b4b4                HAL_ADC_DeInit
 .text.HAL_ADC_Start
                0x000000000800b55c       0x58 build_modem_2_4/stm32l0xx_hal_adc.o
                0x000000000800b55c                HAL_ADC_Start
 .text.HAL_ADC_PollForConversion
                0x000000000800b5b4       0xbc build_modem_2_4/stm32l0xx_hal_adc.o
                0x000000000800b5b4                HAL_ADC_PollForConversion
 .text.HAL_ADC_GetValue
                0x000000000800b670        0x6 build_modem_2_4/stm32l0xx_hal_adc.o
                0x000000000800b670                HAL_ADC_GetValue
 *fill*         0x000000000800b676        0x2 
 .text.HAL_ADC_ConfigChannel
                0x000000000800b678       0xc8 build_modem_2_4/stm32l0xx_hal_adc.o
                0x000000000800b678                HAL_ADC_ConfigChannel
 .text.bsp_gpio_irq_attach
                0x000000000800b740       0x1c build_modem_2_4/smtc_bsp_gpio.o
                0x000000000800b740                bsp_gpio_irq_attach
 .text.bsp_gpio_init
                0x000000000800b75c       0xb0 build_modem_2_4/smtc_bsp_gpio.o
 .text.bsp_gpio_init_out
                0x000000000800b80c       0x20 build_modem_2_4/smtc_bsp_gpio.o
                0x000000000800b80c                bsp_gpio_init_out
 .text.bsp_gpio_init_in
                0x000000000800b82c       0x58 build_modem_2_4/smtc_bsp_gpio.o
                0x000000000800b82c                bsp_gpio_init_in
 .text.bsp_gpio_irq_enable
                0x000000000800b884       0x16 build_modem_2_4/smtc_bsp_gpio.o
                0x000000000800b884                bsp_gpio_irq_enable
 .text.bsp_gpio_irq_disable
                0x000000000800b89a       0x16 build_modem_2_4/smtc_bsp_gpio.o
                0x000000000800b89a                bsp_gpio_irq_disable
 .text.bsp_gpio_set_value
                0x000000000800b8b0       0x26 build_modem_2_4/smtc_bsp_gpio.o
                0x000000000800b8b0                bsp_gpio_set_value
 .text.bsp_gpio_get_value
                0x000000000800b8d6       0x24 build_modem_2_4/smtc_bsp_gpio.o
                0x000000000800b8d6                bsp_gpio_get_value
 *fill*         0x000000000800b8fa        0x2 
 .text.bsp_gpio_is_pending_irq
                0x000000000800b8fc       0x20 build_modem_2_4/smtc_bsp_gpio.o
                0x000000000800b8fc                bsp_gpio_is_pending_irq
 .text.EXTI0_1_IRQHandler
                0x000000000800b91c       0x10 build_modem_2_4/smtc_bsp_gpio.o
                0x000000000800b91c                EXTI0_1_IRQHandler
 .text.EXTI2_3_IRQHandler
                0x000000000800b92c       0x10 build_modem_2_4/smtc_bsp_gpio.o
                0x000000000800b92c                EXTI2_3_IRQHandler
 .text.EXTI4_15_IRQHandler
                0x000000000800b93c       0x5c build_modem_2_4/smtc_bsp_gpio.o
                0x000000000800b93c                EXTI4_15_IRQHandler
 .text.HAL_GPIO_EXTI_Callback
                0x000000000800b998       0x30 build_modem_2_4/smtc_bsp_gpio.o
                0x000000000800b998                HAL_GPIO_EXTI_Callback
 .text.bsp_nvm_context_restore
                0x000000000800b9c8       0x18 build_modem_2_4/smtc_bsp_nvm.o
                0x000000000800b9c8                bsp_nvm_context_restore
 .text.bsp_nvm_context_store
                0x000000000800b9e0       0x2c build_modem_2_4/smtc_bsp_nvm.o
                0x000000000800b9e0                bsp_nvm_context_store
 .text.bsp_rng_get_random
                0x000000000800ba0c       0x30 build_modem_2_4/smtc_bsp_rng.o
                0x000000000800ba0c                bsp_rng_get_random
 .text.bsp_rng_get_random_in_range
                0x000000000800ba3c       0x2a build_modem_2_4/smtc_bsp_rng.o
                0x000000000800ba3c                bsp_rng_get_random_in_range
 *fill*         0x000000000800ba66        0x2 
 .text.HAL_RNG_MspInit
                0x000000000800ba68       0x20 build_modem_2_4/smtc_bsp_rng.o
                0x000000000800ba68                HAL_RNG_MspInit
 .text.HAL_RNG_MspDeInit
                0x000000000800ba88       0x20 build_modem_2_4/smtc_bsp_rng.o
                0x000000000800ba88                HAL_RNG_MspDeInit
 .text.rtc_get_timestamp_in_ticks
                0x000000000800baa8       0xb0 build_modem_2_4/smtc_bsp_rtc.o
 .text.bsp_rtc_get_calendar_time.constprop.0
                0x000000000800bb58       0x26 build_modem_2_4/smtc_bsp_rtc.o
 *fill*         0x000000000800bb7e        0x2 
 .text.bsp_rtc_init
                0x000000000800bb80       0x74 build_modem_2_4/smtc_bsp_rtc.o
                0x000000000800bb80                bsp_rtc_init
 .text.bsp_rtc_get_time_s
                0x000000000800bbf4       0x10 build_modem_2_4/smtc_bsp_rtc.o
                0x000000000800bbf4                bsp_rtc_get_time_s
 .text.bsp_rtc_get_time_ms
                0x000000000800bc04       0x1c build_modem_2_4/smtc_bsp_rtc.o
                0x000000000800bc04                bsp_rtc_get_time_ms
 .text.bsp_rtc_wakeup_timer_set_ms
                0x000000000800bc20       0x24 build_modem_2_4/smtc_bsp_rtc.o
                0x000000000800bc20                bsp_rtc_wakeup_timer_set_ms
 .text.RTC_IRQHandler
                0x000000000800bc44       0x10 build_modem_2_4/smtc_bsp_rtc.o
                0x000000000800bc44                RTC_IRQHandler
 .text.HAL_RTC_MspInit
                0x000000000800bc54       0x24 build_modem_2_4/smtc_bsp_rtc.o
                0x000000000800bc54                HAL_RTC_MspInit
 .text.bsp_adc_init
                0x000000000800bc78       0x90 build_modem_2_4/smtc_bsp_adc.o
                0x000000000800bc78                bsp_adc_init
 .text.bsp_adc_get_value
                0x000000000800bd08       0x28 build_modem_2_4/smtc_bsp_adc.o
                0x000000000800bd08                bsp_adc_get_value
 .text.bsp_adc_deinit
                0x000000000800bd30       0x18 build_modem_2_4/smtc_bsp_adc.o
                0x000000000800bd30                bsp_adc_deinit
 .text.HAL_ADC_MspInit
                0x000000000800bd48       0x28 build_modem_2_4/smtc_bsp_adc.o
                0x000000000800bd48                HAL_ADC_MspInit
 .text.HAL_ADC_MspDeInit
                0x000000000800bd70       0x2c build_modem_2_4/smtc_bsp_adc.o
                0x000000000800bd70                HAL_ADC_MspDeInit
 .text.bsp_spi_init
                0x000000000800bd9c       0x80 build_modem_2_4/smtc_bsp_spi.o
                0x000000000800bd9c                bsp_spi_init
 .text.bsp_spi_deinit
                0x000000000800be1c       0x18 build_modem_2_4/smtc_bsp_spi.o
                0x000000000800be1c                bsp_spi_deinit
 .text.bsp_spi_in_out
                0x000000000800be34       0x30 build_modem_2_4/smtc_bsp_spi.o
                0x000000000800be34                bsp_spi_in_out
 .text.HAL_SPI_MspInit
                0x000000000800be64       0xe4 build_modem_2_4/smtc_bsp_spi.o
                0x000000000800be64                HAL_SPI_MspInit
 .text.HAL_SPI_MspDeInit
                0x000000000800bf48       0x88 build_modem_2_4/smtc_bsp_spi.o
                0x000000000800bf48                HAL_SPI_MspDeInit
 .text.bsp_tmr_init
                0x000000000800bfd0       0x44 build_modem_2_4/smtc_bsp_tmr.o
                0x000000000800bfd0                bsp_tmr_init
 .text.bsp_tmr_start
                0x000000000800c014       0x3c build_modem_2_4/smtc_bsp_tmr.o
                0x000000000800c014                bsp_tmr_start
 .text.bsp_tmr_stop
                0x000000000800c050       0x10 build_modem_2_4/smtc_bsp_tmr.o
                0x000000000800c050                bsp_tmr_stop
 .text.bsp_tmr_irq_enable
                0x000000000800c060        0xa build_modem_2_4/smtc_bsp_tmr.o
                0x000000000800c060                bsp_tmr_irq_enable
 .text.bsp_tmr_irq_disable
                0x000000000800c06a        0xa build_modem_2_4/smtc_bsp_tmr.o
                0x000000000800c06a                bsp_tmr_irq_disable
 .text.LPTIM1_IRQHandler
                0x000000000800c074       0x28 build_modem_2_4/smtc_bsp_tmr.o
                0x000000000800c074                LPTIM1_IRQHandler
 .text.HAL_LPTIM_MspInit
                0x000000000800c09c       0x30 build_modem_2_4/smtc_bsp_tmr.o
                0x000000000800c09c                HAL_LPTIM_MspInit
 .text.bsp_uart1_init
                0x000000000800c0cc       0x60 build_modem_2_4/smtc_bsp_uart.o
                0x000000000800c0cc                bsp_uart1_init
 .text.bsp_uart1_deinit
                0x000000000800c12c       0x10 build_modem_2_4/smtc_bsp_uart.o
                0x000000000800c12c                bsp_uart1_deinit
 .text.bsp_uart2_init
                0x000000000800c13c       0x38 build_modem_2_4/smtc_bsp_uart.o
                0x000000000800c13c                bsp_uart2_init
 .text.bsp_uart2_deinit
                0x000000000800c174       0x10 build_modem_2_4/smtc_bsp_uart.o
                0x000000000800c174                bsp_uart2_deinit
 .text.bsp_uart2_tx
                0x000000000800c184       0x18 build_modem_2_4/smtc_bsp_uart.o
                0x000000000800c184                bsp_uart2_tx
 .text.HAL_UART_MspInit
                0x000000000800c19c       0xc8 build_modem_2_4/smtc_bsp_uart.o
                0x000000000800c19c                HAL_UART_MspInit
 .text.HAL_UART_MspDeInit
                0x000000000800c264       0x7c build_modem_2_4/smtc_bsp_uart.o
                0x000000000800c264                HAL_UART_MspDeInit
 .text.DMA1_Channel2_3_IRQHandler
                0x000000000800c2e0       0x10 build_modem_2_4/smtc_bsp_uart.o
                0x000000000800c2e0                DMA1_Channel2_3_IRQHandler
 .text.bsp_watchdog_init
                0x000000000800c2f0       0x4c build_modem_2_4/smtc_bsp_watchdog.o
                0x000000000800c2f0                bsp_watchdog_init
 .text.bsp_watchdog_reload
                0x000000000800c33c       0x14 build_modem_2_4/smtc_bsp_watchdog.o
                0x000000000800c33c                bsp_watchdog_reload
 .text.rp_bsp_critical_section_begin
                0x000000000800c350        0x8 build_modem_2_4/bsp_radio_planner.o
                0x000000000800c350                rp_bsp_critical_section_begin
 .text.rp_bsp_critical_section_end
                0x000000000800c358        0x8 build_modem_2_4/bsp_radio_planner.o
                0x000000000800c358                rp_bsp_critical_section_end
 .text.rp_bsp_timer_stop
                0x000000000800c360        0x8 build_modem_2_4/bsp_radio_planner.o
                0x000000000800c360                rp_bsp_timer_stop
 .text.rp_bsp_timer_start
                0x000000000800c368       0x12 build_modem_2_4/bsp_radio_planner.o
                0x000000000800c368                rp_bsp_timer_start
 .text.rp_bsp_timestamp_get
                0x000000000800c37a        0x8 build_modem_2_4/bsp_radio_planner.o
                0x000000000800c37a                rp_bsp_timestamp_get
 .text.rp_bsp_irq_get_pending
                0x000000000800c382        0x8 build_modem_2_4/bsp_radio_planner.o
                0x000000000800c382                rp_bsp_irq_get_pending
 .text.ral_hal_set_tcxo_on
                0x000000000800c38a        0x4 build_modem_2_4/ral_hal.o
                0x000000000800c38a                ral_hal_set_tcxo_on
 .text.ral_hal_set_tcxo_off
                0x000000000800c38e        0x4 build_modem_2_4/ral_hal.o
                0x000000000800c38e                ral_hal_set_tcxo_off
 *fill*         0x000000000800c392        0x2 
 .text.bsp_mcu_wait_us
                0x000000000800c394       0x48 build_modem_2_4/smtc_bsp_mcu.o
                0x000000000800c394                bsp_mcu_wait_us
 .text.bsp_mcu_get_battery_level
                0x000000000800c3dc        0x4 build_modem_2_4/smtc_bsp_mcu.o
                0x000000000800c3dc                bsp_mcu_get_battery_level
 .text.bsp_mcu_disable_once_low_power_wait
                0x000000000800c3e0       0x18 build_modem_2_4/smtc_bsp_mcu.o
                0x000000000800c3e0                bsp_mcu_disable_once_low_power_wait
 .text.bsp_mcu_get_mcu_temperature
                0x000000000800c3f8       0x48 build_modem_2_4/smtc_bsp_mcu.o
                0x000000000800c3f8                bsp_mcu_get_mcu_temperature
 .text.bsp_mcu_get_mcu_voltage
                0x000000000800c440        0x4 build_modem_2_4/smtc_bsp_mcu.o
                0x000000000800c440                bsp_mcu_get_mcu_voltage
 .text.SysTick_Handler